Archive member included to satisfy reference by file (symbol)

/usr/lib/gcc/arm-none-eabi/4.8/../../../arm-none-eabi/lib/armv7-m/libstdc++.a(atexit_arm.o)
                              /tmp/ccn7f5IL.o (__aeabi_atexit)
/usr/lib/gcc/arm-none-eabi/4.8/../../../arm-none-eabi/lib/armv7-m/libstdc++.a(guard.o)
                              /tmp/ccn7f5IL.o (__cxa_guard_acquire)
/usr/lib/gcc/arm-none-eabi/4.8/../../../arm-none-eabi/lib/armv7-m/libstdc++.a(eh_alloc.o)
                              /usr/lib/gcc/arm-none-eabi/4.8/../../../arm-none-eabi/lib/armv7-m/libstdc++.a(guard.o) (__cxa_allocate_exception)
/usr/lib/gcc/arm-none-eabi/4.8/../../../arm-none-eabi/lib/armv7-m/libstdc++.a(eh_terminate.o)
                              /usr/lib/gcc/arm-none-eabi/4.8/../../../arm-none-eabi/lib/armv7-m/libstdc++.a(eh_alloc.o) (std::terminate())
/usr/lib/gcc/arm-none-eabi/4.8/../../../arm-none-eabi/lib/armv7-m/libstdc++.a(eh_call.o)
                              /usr/lib/gcc/arm-none-eabi/4.8/../../../arm-none-eabi/lib/armv7-m/libstdc++.a(eh_terminate.o) (__cxa_call_unexpected)
/usr/lib/gcc/arm-none-eabi/4.8/../../../arm-none-eabi/lib/armv7-m/libstdc++.a(guard_error.o)
                              /usr/lib/gcc/arm-none-eabi/4.8/../../../arm-none-eabi/lib/armv7-m/libstdc++.a(guard.o) (__gnu_cxx::recursive_init_error::~recursive_init_error())
/usr/lib/gcc/arm-none-eabi/4.8/../../../arm-none-eabi/lib/armv7-m/libstdc++.a(si_class_type_info.o)
                              /usr/lib/gcc/arm-none-eabi/4.8/../../../arm-none-eabi/lib/armv7-m/libstdc++.a(guard_error.o) (vtable for __cxxabiv1::__si_class_type_info)
/usr/lib/gcc/arm-none-eabi/4.8/../../../arm-none-eabi/lib/armv7-m/libstdc++.a(eh_catch.o)
                              /usr/lib/gcc/arm-none-eabi/4.8/../../../arm-none-eabi/lib/armv7-m/libstdc++.a(eh_terminate.o) (__cxa_begin_catch)
/usr/lib/gcc/arm-none-eabi/4.8/../../../arm-none-eabi/lib/armv7-m/libstdc++.a(eh_exception.o)
                              /usr/lib/gcc/arm-none-eabi/4.8/../../../arm-none-eabi/lib/armv7-m/libstdc++.a(guard_error.o) (std::exception::~exception())
/usr/lib/gcc/arm-none-eabi/4.8/../../../arm-none-eabi/lib/armv7-m/libstdc++.a(eh_personality.o)
                              /usr/lib/gcc/arm-none-eabi/4.8/../../../arm-none-eabi/lib/armv7-m/libstdc++.a(eh_terminate.o) (__gxx_personality_v0)
/usr/lib/gcc/arm-none-eabi/4.8/../../../arm-none-eabi/lib/armv7-m/libstdc++.a(eh_term_handler.o)
                              /usr/lib/gcc/arm-none-eabi/4.8/../../../arm-none-eabi/lib/armv7-m/libstdc++.a(eh_terminate.o) (__cxxabiv1::__terminate_handler)
/usr/lib/gcc/arm-none-eabi/4.8/../../../arm-none-eabi/lib/armv7-m/libstdc++.a(eh_throw.o)
                              /usr/lib/gcc/arm-none-eabi/4.8/../../../arm-none-eabi/lib/armv7-m/libstdc++.a(guard.o) (__cxa_throw)
/usr/lib/gcc/arm-none-eabi/4.8/../../../arm-none-eabi/lib/armv7-m/libstdc++.a(eh_unex_handler.o)
                              /usr/lib/gcc/arm-none-eabi/4.8/../../../arm-none-eabi/lib/armv7-m/libstdc++.a(eh_terminate.o) (__cxxabiv1::__unexpected_handler)
/usr/lib/gcc/arm-none-eabi/4.8/../../../arm-none-eabi/lib/armv7-m/libstdc++.a(tinfo.o)
                              /usr/lib/gcc/arm-none-eabi/4.8/../../../arm-none-eabi/lib/armv7-m/libstdc++.a(si_class_type_info.o) (std::type_info::__is_pointer_p() const)
/usr/lib/gcc/arm-none-eabi/4.8/../../../arm-none-eabi/lib/armv7-m/libstdc++.a(eh_globals.o)
                              /usr/lib/gcc/arm-none-eabi/4.8/../../../arm-none-eabi/lib/armv7-m/libstdc++.a(eh_call.o) (__cxa_get_globals_fast)
/usr/lib/gcc/arm-none-eabi/4.8/../../../arm-none-eabi/lib/armv7-m/libstdc++.a(class_type_info.o)
                              /usr/lib/gcc/arm-none-eabi/4.8/../../../arm-none-eabi/lib/armv7-m/libstdc++.a(si_class_type_info.o) (__cxxabiv1::__class_type_info::__do_upcast(__cxxabiv1::__class_type_info const*, void**) const)
/usr/lib/gcc/arm-none-eabi/4.8/../../../arm-none-eabi/lib/armv7-m/libstdc++.a(eh_arm.o)
                              /usr/lib/gcc/arm-none-eabi/4.8/../../../arm-none-eabi/lib/armv7-m/libstdc++.a(eh_terminate.o) (__cxa_end_cleanup)
/usr/lib/gcc/arm-none-eabi/4.8/../../../arm-none-eabi/lib/armv7-m/libstdc++.a(del_op.o)
                              /usr/lib/gcc/arm-none-eabi/4.8/../../../arm-none-eabi/lib/armv7-m/libstdc++.a(guard_error.o) (operator delete(void*))
/usr/lib/gcc/arm-none-eabi/4.8/../../../arm-none-eabi/lib/armv7-m/libstdc++.a(pure.o)
                              /usr/lib/gcc/arm-none-eabi/4.8/../../../arm-none-eabi/lib/armv7-m/libstdc++.a(eh_exception.o) (__cxa_pure_virtual)
/usr/lib/gcc/arm-none-eabi/4.8/armv7-m/libgcc.a(unwind-arm.o)
                              /usr/lib/gcc/arm-none-eabi/4.8/../../../arm-none-eabi/lib/armv7-m/libstdc++.a(si_class_type_info.o) (__aeabi_unwind_cpp_pr0)
/usr/lib/gcc/arm-none-eabi/4.8/armv7-m/libgcc.a(libunwind.o)
                              /usr/lib/gcc/arm-none-eabi/4.8/armv7-m/libgcc.a(unwind-arm.o) (restore_core_regs)
[...]
Memory Configuration

Name             Origin             Length             Attributes
*default*        0x0000000000000000 0xffffffffffffffff

Linker script and memory map

LOAD /usr/lib/gcc/arm-none-eabi/4.8/armv7-m/crti.o
LOAD /usr/lib/gcc/arm-none-eabi/4.8/armv7-m/crtbegin.o
LOAD /usr/lib/gcc/arm-none-eabi/4.8/../../../arm-none-eabi/lib/armv7-m/crt0.o
LOAD /tmp/ccn7f5IL.o
LOAD /usr/lib/gcc/arm-none-eabi/4.8/../../../arm-none-eabi/lib/armv7-m/libstdc++.a
LOAD /usr/lib/gcc/arm-none-eabi/4.8/../../../arm-none-eabi/lib/armv7-m/libm.a
START GROUP
LOAD /usr/lib/gcc/arm-none-eabi/4.8/armv7-m/libgcc.a
LOAD /usr/lib/gcc/arm-none-eabi/4.8/../../../arm-none-eabi/lib/armv7-m/libc.a
END GROUP
START GROUP
LOAD /usr/lib/gcc/arm-none-eabi/4.8/armv7-m/libgcc.a
LOAD /usr/lib/gcc/arm-none-eabi/4.8/../../../arm-none-eabi/lib/armv7-m/libc.a
LOAD /usr/lib/gcc/arm-none-eabi/4.8/../../../arm-none-eabi/lib/armv7-m/libnosys.a
END GROUP
LOAD /usr/lib/gcc/arm-none-eabi/4.8/armv7-m/crtend.o
LOAD /usr/lib/gcc/arm-none-eabi/4.8/armv7-m/crtn.o
                0x0000000000008000                PROVIDE (__executable_start, 0x8000)
                0x0000000000008000                . = 0x8000

.interp
 *(.interp)

.note.gnu.build-id
 *(.note.gnu.build-id)

.hash
 *(.hash)

.gnu.hash
 *(.gnu.hash)

.dynsym
 *(.dynsym)

.dynstr
 *(.dynstr)

.gnu.version
 *(.gnu.version)

.gnu.version_d
 *(.gnu.version_d)

.gnu.version_r
 *(.gnu.version_r)

.rel.dyn        0x0000000000008000        0x0
 *(.rel.init)
 *(.rel.text .rel.text.* .rel.gnu.linkonce.t.*)
 *(.rel.fini)
 *(.rel.rodata .rel.rodata.* .rel.gnu.linkonce.r.*)
 *(.rel.data.rel.ro .rel.data.rel.ro.* .rel.gnu.linkonce.d.rel.ro.*)
 *(.rel.data .rel.data.* .rel.gnu.linkonce.d.*)
 *(.rel.tdata .rel.tdata.* .rel.gnu.linkonce.td.*)
 *(.rel.tbss .rel.tbss.* .rel.gnu.linkonce.tb.*)
 *(.rel.ctors)
 *(.rel.dtors)
 *(.rel.got)
 *(.rel.bss .rel.bss.* .rel.gnu.linkonce.b.*)
                0x0000000000008000                PROVIDE (__rel_iplt_start, .)
 *(.rel.iplt)
 .rel.iplt      0x0000000000008000        0x0 /usr/lib/gcc/arm-none-eabi/4.8/armv7-m/crtbegin.o
                0x0000000000008000                PROVIDE (__rel_iplt_end, .)

.rela.dyn       0x0000000000008000        0x0
 *(.rela.init)
 *(.rela.text .rela.text.* .rela.gnu.linkonce.t.*)
 *(.rela.fini)
 *(.rela.rodata .rela.rodata.* .rela.gnu.linkonce.r.*)
 *(.rela.data .rela.data.* .rela.gnu.linkonce.d.*)
 *(.rela.tdata .rela.tdata.* .rela.gnu.linkonce.td.*)
 *(.rela.tbss .rela.tbss.* .rela.gnu.linkonce.tb.*)
 *(.rela.ctors)
 *(.rela.dtors)
 *(.rela.got)
 *(.rela.bss .rela.bss.* .rela.gnu.linkonce.b.*)
                0x0000000000008000                PROVIDE (__rela_iplt_start, .)
 *(.rela.iplt)
                0x0000000000008000                PROVIDE (__rela_iplt_end, .)

.rel.plt
 *(.rel.plt)

.rela.plt
 *(.rela.plt)

.init           0x0000000000008000        0xc
 *(SORT(.init))
 .init          0x0000000000008000        0x4 /usr/lib/gcc/arm-none-eabi/4.8/armv7-m/crti.o
                0x0000000000008000                _init
 .init          0x0000000000008004        0x8 /usr/lib/gcc/arm-none-eabi/4.8/armv7-m/crtn.o

.plt
 *(.plt)

.iplt           0x000000000000800c        0x0
 *(.iplt)
 .iplt          0x000000000000800c        0x0 /usr/lib/gcc/arm-none-eabi/4.8/armv7-m/crtbegin.o

.text           0x000000000000800c     0x3178
 *(.text.unlikely .text.*_unlikely .text.unlikely.*)
 *(.text.exit .text.exit.*)
 .text.exit     0x000000000000800c       0x20 /usr/lib/gcc/arm-none-eabi/4.8/../../../arm-none-eabi/lib/armv7-m/libc.a(lib_a-exit.o)
                0x000000000000800c                exit
 *(.text.startup .text.startup.*)
 .text.startup.register_fini
                0x000000000000802c       0x14 /usr/lib/gcc/arm-none-eabi/4.8/../../../arm-none-eabi/lib/armv7-m/libc.a(lib_a-__call_atexit.o)
 *(.text.hot .text.hot.*)
 *(.text .stub .text.* .gnu.linkonce.t.*)
 .text          0x0000000000008040        0x0 /usr/lib/gcc/arm-none-eabi/4.8/armv7-m/crti.o
 .text          0x0000000000008040       0xac /usr/lib/gcc/arm-none-eabi/4.8/armv7-m/crtbegin.o
 .text          0x00000000000080ec       0x68 /usr/lib/gcc/arm-none-eabi/4.8/../../../arm-none-eabi/lib/armv7-m/crt0.o
                0x00000000000080ec                _mainCRTStartup
                0x00000000000080ec                _start
 .text          0x0000000000008154      0x110 /tmp/ccn7f5IL.o
                0x0000000000008154                main
 .text._ZN4TotoC2Ei
                0x0000000000008264       0x20 /tmp/ccn7f5IL.o
                0x0000000000008264                Toto::Toto(int)
                0x0000000000008264                Toto::Toto(int)
 .text._ZN4TotoD2Ev
                0x0000000000008284       0x18 /tmp/ccn7f5IL.o
                0x0000000000008284                Toto::~Toto()
                0x0000000000008284                Toto::~Toto()
 .text          0x000000000000829c        0x0 /usr/lib/gcc/arm-none-eabi/4.8/../../../arm-none-eabi/lib/armv7-m/libstdc++.a(atexit_arm.o)
 .text.__aeabi_atexit
                0x000000000000829c        0xc /usr/lib/gcc/arm-none-eabi/4.8/../../../arm-none-eabi/lib/armv7-m/libstdc++.a(atexit_arm.o)
                0x000000000000829c                __aeabi_atexit
 .text          0x00000000000082a8        0x0 /usr/lib/gcc/arm-none-eabi/4.8/../../../arm-none-eabi/lib/armv7-m/libstdc++.a(guard.o)
 .text.__cxa_guard_acquire
                0x00000000000082a8       0x38 /usr/lib/gcc/arm-none-eabi/4.8/../../../arm-none-eabi/lib/armv7-m/libstdc++.a(guard.o)
                0x00000000000082a8                __cxa_guard_acquire
 .text.__cxa_guard_abort
                0x00000000000082e0        0x8 /usr/lib/gcc/arm-none-eabi/4.8/../../../arm-none-eabi/lib/armv7-m/libstdc++.a(guard.o)
                0x00000000000082e0                __cxa_guard_abort
 .text.__cxa_guard_release
                0x00000000000082e8        0x8 /usr/lib/gcc/arm-none-eabi/4.8/../../../arm-none-eabi/lib/armv7-m/libstdc++.a(guard.o)
                0x00000000000082e8                __cxa_guard_release
 .text          0x00000000000082f0        0x0 /usr/lib/gcc/arm-none-eabi/4.8/../../../arm-none-eabi/lib/armv7-m/libstdc++.a(eh_alloc.o)
 .text.__cxa_allocate_exception
                0x00000000000082f0       0x58 /usr/lib/gcc/arm-none-eabi/4.8/../../../arm-none-eabi/lib/armv7-m/libstdc++.a(eh_alloc.o)
                0x00000000000082f0                __cxa_allocate_exception
 .text.__cxa_free_exception
                0x0000000000008348       0x34 /usr/lib/gcc/arm-none-eabi/4.8/../../../arm-none-eabi/lib/armv7-m/libstdc++.a(eh_alloc.o)
                0x0000000000008348                __cxa_free_exception
 .text.__cxa_allocate_dependent_exception
                0x000000000000837c       0x50 /usr/lib/gcc/arm-none-eabi/4.8/../../../arm-none-eabi/lib/armv7-m/libstdc++.a(eh_alloc.o)
                0x000000000000837c                __cxa_allocate_dependent_exception
 .text.__cxa_free_dependent_exception
                0x00000000000083cc       0x3c /usr/lib/gcc/arm-none-eabi/4.8/../../../arm-none-eabi/lib/armv7-m/libstdc++.a(eh_alloc.o)
                0x00000000000083cc                __cxa_free_dependent_exception
 .text          0x0000000000008408        0x0 /usr/lib/gcc/arm-none-eabi/4.8/../../../arm-none-eabi/lib/armv7-m/libstdc++.a(eh_terminate.o)
 .text._ZN10__cxxabiv111__terminateEPFvvE
                0x0000000000008408       0x28 /usr/lib/gcc/arm-none-eabi/4.8/../../../arm-none-eabi/lib/armv7-m/libstdc++.a(eh_terminate.o)
                0x0000000000008408                __cxxabiv1::__terminate(void (*)())
 .text._ZSt9terminatev
                0x0000000000008430       0x10 /usr/lib/gcc/arm-none-eabi/4.8/../../../arm-none-eabi/lib/armv7-m/libstdc++.a(eh_terminate.o)
                0x0000000000008430                std::terminate()
 .text._ZN10__cxxabiv112__unexpectedEPFvvE
                0x0000000000008440        0x8 /usr/lib/gcc/arm-none-eabi/4.8/../../../arm-none-eabi/lib/armv7-m/libstdc++.a(eh_terminate.o)
                0x0000000000008440                __cxxabiv1::__unexpected(void (*)())
 .text._ZSt10unexpectedv
                0x0000000000008448       0x10 /usr/lib/gcc/arm-none-eabi/4.8/../../../arm-none-eabi/lib/armv7-m/libstdc++.a(eh_terminate.o)
                0x0000000000008448                std::unexpected()
 .text._ZSt13set_terminatePFvvE
                0x0000000000008458       0x10 /usr/lib/gcc/arm-none-eabi/4.8/../../../arm-none-eabi/lib/armv7-m/libstdc++.a(eh_terminate.o)
                0x0000000000008458                std::set_terminate(void (*)())
 .text._ZSt14set_unexpectedPFvvE
                0x0000000000008468       0x10 /usr/lib/gcc/arm-none-eabi/4.8/../../../arm-none-eabi/lib/armv7-m/libstdc++.a(eh_terminate.o)
                0x0000000000008468                std::set_unexpected(void (*)())
 .text          0x0000000000008478        0x0 /usr/lib/gcc/arm-none-eabi/4.8/../../../arm-none-eabi/lib/armv7-m/libstdc++.a(eh_call.o)
 .text._ZN10__cxxabiv1L24__is_gxx_exception_classEPc
                0x0000000000008478       0x3c /usr/lib/gcc/arm-none-eabi/4.8/../../../arm-none-eabi/lib/armv7-m/libstdc++.a(eh_call.o)
 .text.__cxa_call_terminate
                0x00000000000084b4       0x20 /usr/lib/gcc/arm-none-eabi/4.8/../../../arm-none-eabi/lib/armv7-m/libstdc++.a(eh_call.o)
                0x00000000000084b4                __cxa_call_terminate
 .text.__cxa_call_unexpected
                0x00000000000084d4       0xdc /usr/lib/gcc/arm-none-eabi/4.8/../../../arm-none-eabi/lib/armv7-m/libstdc++.a(eh_call.o)
                0x00000000000084d4                __cxa_call_unexpected
 .text          0x00000000000085b0        0x0 /usr/lib/gcc/arm-none-eabi/4.8/../../../arm-none-eabi/lib/armv7-m/libstdc++.a(guard_error.o)
 .text._ZN9__gnu_cxx20recursive_init_errorD2Ev
                0x00000000000085b0       0x14 /usr/lib/gcc/arm-none-eabi/4.8/../../../arm-none-eabi/lib/armv7-m/libstdc++.a(guard_error.o)
                0x00000000000085b0                __gnu_cxx::recursive_init_error::~recursive_init_error()
                0x00000000000085b0                __gnu_cxx::recursive_init_error::~recursive_init_error()
 .text._ZN9__gnu_cxx20recursive_init_errorD0Ev
                0x00000000000085c4       0x1c /usr/lib/gcc/arm-none-eabi/4.8/../../../arm-none-eabi/lib/armv7-m/libstdc++.a(guard_error.o)
                0x00000000000085c4                __gnu_cxx::recursive_init_error::~recursive_init_error()
 .text          0x00000000000085e0        0x0 /usr/lib/gcc/arm-none-eabi/4.8/../../../arm-none-eabi/lib/armv7-m/libstdc++.a(si_class_type_info.o)
 .text._ZN10__cxxabiv120__si_class_type_infoD2Ev
                0x00000000000085e0       0x14 /usr/lib/gcc/arm-none-eabi/4.8/../../../arm-none-eabi/lib/armv7-m/libstdc++.a(si_class_type_info.o)
                0x00000000000085e0                __cxxabiv1::__si_class_type_info::~__si_class_type_info()
                0x00000000000085e0                __cxxabiv1::__si_class_type_info::~__si_class_type_info()
 .text._ZN10__cxxabiv120__si_class_type_infoD0Ev
                0x00000000000085f4       0x1c /usr/lib/gcc/arm-none-eabi/4.8/../../../arm-none-eabi/lib/armv7-m/libstdc++.a(si_class_type_info.o)
                0x00000000000085f4                __cxxabiv1::__si_class_type_info::~__si_class_type_info()
 .text._ZNK10__cxxabiv120__si_class_type_info20__do_find_public_srcEiPKvPKNS_17__class_type_infoES2_
                0x0000000000008610       0x34 /usr/lib/gcc/arm-none-eabi/4.8/../../../arm-none-eabi/lib/armv7-m/libstdc++.a(si_class_type_info.o)
                0x0000000000008610                __cxxabiv1::__si_class_type_info::__do_find_public_src(int, void const*, __cxxabiv1::__class_type_info const*, void const*) const
 .text._ZNK10__cxxabiv120__si_class_type_info12__do_dyncastEiNS_17__class_type_info10__sub_kindEPKS1_PKvS4_S6_RNS1_16__dyncast_resultE
                0x0000000000008644       0x98 /usr/lib/gcc/arm-none-eabi/4.8/../../../arm-none-eabi/lib/armv7-m/libstdc++.a(si_class_type_info.o)
                0x0000000000008644                __cxxabiv1::__si_class_type_info::__do_dyncast(int, __cxxabiv1::__class_type_info::__sub_kind, __cxxabiv1::__class_type_info const*, void const*, __cxxabiv1::__class_type_info const*, void const*, __cxxabiv1::__class_type_info::__dyncast_result&) const
 .text._ZNK10__cxxabiv120__si_class_type_info11__do_upcastEPKNS_17__class_type_infoEPKvRNS1_15__upcast_resultE
                0x00000000000086dc       0x20 /usr/lib/gcc/arm-none-eabi/4.8/../../../arm-none-eabi/lib/armv7-m/libstdc++.a(si_class_type_info.o)
                0x00000000000086dc                __cxxabiv1::__si_class_type_info::__do_upcast(__cxxabiv1::__class_type_info const*, void const*, __cxxabiv1::__class_type_info::__upcast_result&) const
 .text          0x00000000000086fc        0x0 /usr/lib/gcc/arm-none-eabi/4.8/../../../arm-none-eabi/lib/armv7-m/libstdc++.a(eh_catch.o)
 .text.__cxa_get_exception_ptr
                0x00000000000086fc        0x4 /usr/lib/gcc/arm-none-eabi/4.8/../../../arm-none-eabi/lib/armv7-m/libstdc++.a(eh_catch.o)
                0x00000000000086fc                __cxa_get_exception_ptr
 .text.__cxa_begin_catch
                0x0000000000008700       0x8c /usr/lib/gcc/arm-none-eabi/4.8/../../../arm-none-eabi/lib/armv7-m/libstdc++.a(eh_catch.o)
                0x0000000000008700                __cxa_begin_catch
 .text.__cxa_end_catch
                0x000000000000878c       0x8c /usr/lib/gcc/arm-none-eabi/4.8/../../../arm-none-eabi/lib/armv7-m/libstdc++.a(eh_catch.o)
                0x000000000000878c                __cxa_end_catch
 .text._ZSt18uncaught_exceptionv
                0x0000000000008818       0x10 /usr/lib/gcc/arm-none-eabi/4.8/../../../arm-none-eabi/lib/armv7-m/libstdc++.a(eh_catch.o)
                0x0000000000008818                std::uncaught_exception()
 .text          0x0000000000008828        0x0 /usr/lib/gcc/arm-none-eabi/4.8/../../../arm-none-eabi/lib/armv7-m/libstdc++.a(eh_exception.o)
 .text._ZNSt9exceptionD2Ev
                0x0000000000008828        0xc /usr/lib/gcc/arm-none-eabi/4.8/../../../arm-none-eabi/lib/armv7-m/libstdc++.a(eh_exception.o)
                0x0000000000008828                std::exception::~exception()
                0x0000000000008828                std::exception::~exception()
 .text._ZNSt13bad_exceptionD2Ev
                0x0000000000008834        0xc /usr/lib/gcc/arm-none-eabi/4.8/../../../arm-none-eabi/lib/armv7-m/libstdc++.a(eh_exception.o)
                0x0000000000008834                std::bad_exception::~bad_exception()
                0x0000000000008834                std::bad_exception::~bad_exception()
 .text._ZN10__cxxabiv115__forced_unwindD2Ev
                0x0000000000008840        0xc /usr/lib/gcc/arm-none-eabi/4.8/../../../arm-none-eabi/lib/armv7-m/libstdc++.a(eh_exception.o)
                0x0000000000008840                __cxxabiv1::__forced_unwind::~__forced_unwind()
                0x0000000000008840                __cxxabiv1::__forced_unwind::~__forced_unwind()
 .text._ZN10__cxxabiv119__foreign_exceptionD2Ev
                0x000000000000884c        0xc /usr/lib/gcc/arm-none-eabi/4.8/../../../arm-none-eabi/lib/armv7-m/libstdc++.a(eh_exception.o)
                0x000000000000884c                __cxxabiv1::__foreign_exception::~__foreign_exception()
                0x000000000000884c                __cxxabiv1::__foreign_exception::~__foreign_exception()
 .text._ZNKSt9exception4whatEv
                0x0000000000008858        0x8 /usr/lib/gcc/arm-none-eabi/4.8/../../../arm-none-eabi/lib/armv7-m/libstdc++.a(eh_exception.o)
                0x0000000000008858                std::exception::what() const
 .text._ZNKSt13bad_exception4whatEv
                0x0000000000008860        0x8 /usr/lib/gcc/arm-none-eabi/4.8/../../../arm-none-eabi/lib/armv7-m/libstdc++.a(eh_exception.o)
                0x0000000000008860                std::bad_exception::what() const
 .text._ZNSt9exceptionD0Ev
                0x0000000000008868       0x14 /usr/lib/gcc/arm-none-eabi/4.8/../../../arm-none-eabi/lib/armv7-m/libstdc++.a(eh_exception.o)
                0x0000000000008868                std::exception::~exception()
 .text._ZNSt13bad_exceptionD0Ev
                0x000000000000887c       0x14 /usr/lib/gcc/arm-none-eabi/4.8/../../../arm-none-eabi/lib/armv7-m/libstdc++.a(eh_exception.o)
                0x000000000000887c                std::bad_exception::~bad_exception()
 .text._ZN10__cxxabiv115__forced_unwindD0Ev
                0x0000000000008890       0x14 /usr/lib/gcc/arm-none-eabi/4.8/../../../arm-none-eabi/lib/armv7-m/libstdc++.a(eh_exception.o)
                0x0000000000008890                __cxxabiv1::__forced_unwind::~__forced_unwind()
 .text._ZN10__cxxabiv119__foreign_exceptionD0Ev
                0x00000000000088a4       0x14 /usr/lib/gcc/arm-none-eabi/4.8/../../../arm-none-eabi/lib/armv7-m/libstdc++.a(eh_exception.o)
                0x00000000000088a4                __cxxabiv1::__foreign_exception::~__foreign_exception()
 .text          0x00000000000088b8        0x0 /usr/lib/gcc/arm-none-eabi/4.8/../../../arm-none-eabi/lib/armv7-m/libstdc++.a(eh_personality.o)
 .text._ZL12read_sleb128PKhPl
                0x00000000000088b8       0x34 /usr/lib/gcc/arm-none-eabi/4.8/../../../arm-none-eabi/lib/armv7-m/libstdc++.a(eh_personality.o)
 .text._ZL28read_encoded_value_with_basehjPKhPj
                0x00000000000088ec       0xb0 /usr/lib/gcc/arm-none-eabi/4.8/../../../arm-none-eabi/lib/armv7-m/libstdc++.a(eh_personality.o)
 .text._ZL21base_of_encoded_valuehP15_Unwind_Context
                0x000000000000899c       0x4c /usr/lib/gcc/arm-none-eabi/4.8/../../../arm-none-eabi/lib/armv7-m/libstdc++.a(eh_personality.o)
 .text._ZL17parse_lsda_headerP15_Unwind_ContextPKhP16lsda_header_info
                0x00000000000089e8       0x94 /usr/lib/gcc/arm-none-eabi/4.8/../../../arm-none-eabi/lib/armv7-m/libstdc++.a(eh_personality.o)
 .text.__gxx_personality_v0
                0x0000000000008a7c      0x40c /usr/lib/gcc/arm-none-eabi/4.8/../../../arm-none-eabi/lib/armv7-m/libstdc++.a(eh_personality.o)
                0x0000000000008a7c                __gxx_personality_v0
 .text          0x0000000000008e88        0x0 /usr/lib/gcc/arm-none-eabi/4.8/../../../arm-none-eabi/lib/armv7-m/libstdc++.a(eh_term_handler.o)
 .text          0x0000000000008e88        0x0 /usr/lib/gcc/arm-none-eabi/4.8/../../../arm-none-eabi/lib/armv7-m/libstdc++.a(eh_throw.o)
 .text._ZL23__gxx_exception_cleanup19_Unwind_Reason_CodeP21_Unwind_Control_Block
                0x0000000000008e88       0x44 /usr/lib/gcc/arm-none-eabi/4.8/../../../arm-none-eabi/lib/armv7-m/libstdc++.a(eh_throw.o)
 .text.__cxa_throw
                0x0000000000008ecc       0x90 /usr/lib/gcc/arm-none-eabi/4.8/../../../arm-none-eabi/lib/armv7-m/libstdc++.a(eh_throw.o)
                0x0000000000008ecc                __cxa_throw
 .text.__cxa_rethrow
                0x0000000000008f5c       0x70 /usr/lib/gcc/arm-none-eabi/4.8/../../../arm-none-eabi/lib/armv7-m/libstdc++.a(eh_throw.o)
                0x0000000000008f5c                __cxa_rethrow
 .text          0x0000000000008fcc        0x0 /usr/lib/gcc/arm-none-eabi/4.8/../../../arm-none-eabi/lib/armv7-m/libstdc++.a(eh_unex_handler.o)
 .text          0x0000000000008fcc        0x0 /usr/lib/gcc/arm-none-eabi/4.8/../../../arm-none-eabi/lib/armv7-m/libstdc++.a(tinfo.o)
 .text._ZNSt9type_infoD2Ev
                0x0000000000008fcc        0xc /usr/lib/gcc/arm-none-eabi/4.8/../../../arm-none-eabi/lib/armv7-m/libstdc++.a(tinfo.o)
                0x0000000000008fcc                std::type_info::~type_info()
                0x0000000000008fcc                std::type_info::~type_info()
 .text._ZNKSt9type_info14__is_pointer_pEv
                0x0000000000008fd8        0x4 /usr/lib/gcc/arm-none-eabi/4.8/../../../arm-none-eabi/lib/armv7-m/libstdc++.a(tinfo.o)
                0x0000000000008fd8                std::type_info::__is_pointer_p() const
 .text._ZNKSt9type_info15__is_function_pEv
                0x0000000000008fdc        0x4 /usr/lib/gcc/arm-none-eabi/4.8/../../../arm-none-eabi/lib/armv7-m/libstdc++.a(tinfo.o)
                0x0000000000008fdc                std::type_info::__is_function_p() const
 .text._ZNKSt9type_info11__do_upcastEPKN10__cxxabiv117__class_type_infoEPPv
                0x0000000000008fe0        0x4 /usr/lib/gcc/arm-none-eabi/4.8/../../../arm-none-eabi/lib/armv7-m/libstdc++.a(tinfo.o)
                0x0000000000008fe0                std::type_info::__do_upcast(__cxxabiv1::__class_type_info const*, void**) const
 .text._ZNSt9type_infoD0Ev
                0x0000000000008fe4       0x14 /usr/lib/gcc/arm-none-eabi/4.8/../../../arm-none-eabi/lib/armv7-m/libstdc++.a(tinfo.o)
                0x0000000000008fe4                std::type_info::~type_info()
 .text._ZNKSt9type_infoeqERKS_
                0x0000000000008ff8       0x30 /usr/lib/gcc/arm-none-eabi/4.8/../../../arm-none-eabi/lib/armv7-m/libstdc++.a(tinfo.o)
                0x0000000000008ff8                std::type_info::operator==(std::type_info const&) const
 .text._ZNKSt9type_info10__do_catchEPKS_PPvj
                0x0000000000009028        0x4 /usr/lib/gcc/arm-none-eabi/4.8/../../../arm-none-eabi/lib/armv7-m/libstdc++.a(tinfo.o)
                0x0000000000009028                std::type_info::__do_catch(std::type_info const*, void**, unsigned int) const
 .text          0x000000000000902c        0x0 /usr/lib/gcc/arm-none-eabi/4.8/../../../arm-none-eabi/lib/armv7-m/libstdc++.a(eh_globals.o)
 .text.__cxa_get_globals_fast
                0x000000000000902c        0x8 /usr/lib/gcc/arm-none-eabi/4.8/../../../arm-none-eabi/lib/armv7-m/libstdc++.a(eh_globals.o)
                0x000000000000902c                __cxa_get_globals_fast
 .text.__cxa_get_globals
                0x0000000000009034        0x8 /usr/lib/gcc/arm-none-eabi/4.8/../../../arm-none-eabi/lib/armv7-m/libstdc++.a(eh_globals.o)
                0x0000000000009034                __cxa_get_globals
 .text          0x000000000000903c        0x0 /usr/lib/gcc/arm-none-eabi/4.8/../../../arm-none-eabi/lib/armv7-m/libstdc++.a(class_type_info.o)
 .text._ZNK10__cxxabiv117__class_type_info11__do_upcastEPKS0_PPv
                0x000000000000903c       0x38 /usr/lib/gcc/arm-none-eabi/4.8/../../../arm-none-eabi/lib/armv7-m/libstdc++.a(class_type_info.o)
                0x000000000000903c                __cxxabiv1::__class_type_info::__do_upcast(__cxxabiv1::__class_type_info const*, void**) const
 .text._ZNK10__cxxabiv117__class_type_info20__do_find_public_srcEiPKvPKS0_S2_
                0x0000000000009074        0xc /usr/lib/gcc/arm-none-eabi/4.8/../../../arm-none-eabi/lib/armv7-m/libstdc++.a(class_type_info.o)
                0x0000000000009074                __cxxabiv1::__class_type_info::__do_find_public_src(int, void const*, __cxxabiv1::__class_type_info const*, void const*) const
 .text._ZN10__cxxabiv117__class_type_infoD2Ev
                0x0000000000009080       0x14 /usr/lib/gcc/arm-none-eabi/4.8/../../../arm-none-eabi/lib/armv7-m/libstdc++.a(class_type_info.o)
                0x0000000000009080                __cxxabiv1::__class_type_info::~__class_type_info()
                0x0000000000009080                __cxxabiv1::__class_type_info::~__class_type_info()
 .text._ZN10__cxxabiv117__class_type_infoD0Ev
                0x0000000000009094       0x1c /usr/lib/gcc/arm-none-eabi/4.8/../../../arm-none-eabi/lib/armv7-m/libstdc++.a(class_type_info.o)
                0x0000000000009094                __cxxabiv1::__class_type_info::~__class_type_info()
 .text._ZNK10__cxxabiv117__class_type_info11__do_upcastEPKS0_PKvRNS0_15__upcast_resultE
                0x00000000000090b0       0x18 /usr/lib/gcc/arm-none-eabi/4.8/../../../arm-none-eabi/lib/armv7-m/libstdc++.a(class_type_info.o)
                0x00000000000090b0                __cxxabiv1::__class_type_info::__do_upcast(__cxxabiv1::__class_type_info const*, void const*, __cxxabiv1::__class_type_info::__upcast_result&) const
 .text._ZNK10__cxxabiv117__class_type_info10__do_catchEPKSt9type_infoPPvj
                0x00000000000090c8       0x24 /usr/lib/gcc/arm-none-eabi/4.8/../../../arm-none-eabi/lib/armv7-m/libstdc++.a(class_type_info.o)
                0x00000000000090c8                __cxxabiv1::__class_type_info::__do_catch(std::type_info const*, void**, unsigned int) const
 .text._ZNK10__cxxabiv117__class_type_info12__do_dyncastEiNS0_10__sub_kindEPKS0_PKvS3_S5_RNS0_16__dyncast_resultE
                0x00000000000090ec       0x40 /usr/lib/gcc/arm-none-eabi/4.8/../../../arm-none-eabi/lib/armv7-m/libstdc++.a(class_type_info.o)
                0x00000000000090ec                __cxxabiv1::__class_type_info::__do_dyncast(int, __cxxabiv1::__class_type_info::__sub_kind, __cxxabiv1::__class_type_info const*, void const*, __cxxabiv1::__class_type_info const*, void const*, __cxxabiv1::__class_type_info::__dyncast_result&) const
 .text          0x000000000000912c        0x0 /usr/lib/gcc/arm-none-eabi/4.8/../../../arm-none-eabi/lib/armv7-m/libstdc++.a(eh_arm.o)
 .text.__cxa_end_cleanup
                0x000000000000912c        0xc /usr/lib/gcc/arm-none-eabi/4.8/../../../arm-none-eabi/lib/armv7-m/libstdc++.a(eh_arm.o)
                0x000000000000912c                __cxa_end_cleanup
 .text.__cxa_type_match
                0x0000000000009138       0xac /usr/lib/gcc/arm-none-eabi/4.8/../../../arm-none-eabi/lib/armv7-m/libstdc++.a(eh_arm.o)
                0x0000000000009138                __cxa_type_match
 .text.__cxa_begin_cleanup
                0x00000000000091e4       0x64 /usr/lib/gcc/arm-none-eabi/4.8/../../../arm-none-eabi/lib/armv7-m/libstdc++.a(eh_arm.o)
                0x00000000000091e4                __cxa_begin_cleanup
 .text.__gnu_end_cleanup
                0x0000000000009248       0x70 /usr/lib/gcc/arm-none-eabi/4.8/../../../arm-none-eabi/lib/armv7-m/libstdc++.a(eh_arm.o)
                0x0000000000009248                __gnu_end_cleanup
 .text          0x00000000000092b8        0x0 /usr/lib/gcc/arm-none-eabi/4.8/../../../arm-none-eabi/lib/armv7-m/libstdc++.a(del_op.o)
 .text._ZdlPv   0x00000000000092b8        0x8 /usr/lib/gcc/arm-none-eabi/4.8/../../../arm-none-eabi/lib/armv7-m/libstdc++.a(del_op.o)
                0x00000000000092b8                operator delete(void*)
 .text          0x00000000000092c0        0x0 /usr/lib/gcc/arm-none-eabi/4.8/../../../arm-none-eabi/lib/armv7-m/libstdc++.a(pure.o)
 .text.__cxa_pure_virtual
                0x00000000000092c0        0x8 /usr/lib/gcc/arm-none-eabi/4.8/../../../arm-none-eabi/lib/armv7-m/libstdc++.a(pure.o)
                0x00000000000092c0                __cxa_pure_virtual
 .text.__cxa_deleted_virtual
                0x00000000000092c8        0x8 /usr/lib/gcc/arm-none-eabi/4.8/../../../arm-none-eabi/lib/armv7-m/libstdc++.a(pure.o)
                0x00000000000092c8                __cxa_deleted_virtual
 .text          0x00000000000092d0      0xa10 /usr/lib/gcc/arm-none-eabi/4.8/armv7-m/libgcc.a(unwind-arm.o)
                0x00000000000095ac                _Unwind_GetCFA
                0x00000000000095b0                __gnu_Unwind_RaiseException
                0x0000000000009610                __gnu_Unwind_ForcedUnwind
                0x0000000000009624                __gnu_Unwind_Resume
                0x0000000000009668                __gnu_Unwind_Resume_or_Rethrow
                0x0000000000009680                _Unwind_Complete
                0x0000000000009684                _Unwind_DeleteException
                0x0000000000009694                _Unwind_VRS_Get
                0x00000000000096e4                _Unwind_VRS_Set
                0x0000000000009734                __gnu_Unwind_Backtrace
                0x0000000000009a88                __aeabi_unwind_cpp_pr0
                0x0000000000009a8c                __aeabi_unwind_cpp_pr1
                0x0000000000009a90                __aeabi_unwind_cpp_pr2
                0x0000000000009a94                _Unwind_VRS_Pop
 .text          0x0000000000009ce0      0x1ac /usr/lib/gcc/arm-none-eabi/4.8/armv7-m/libgcc.a(libunwind.o)
                0x0000000000009ce0                __restore_core_regs
                0x0000000000009ce0                restore_core_regs
                0x0000000000009cf8                __gnu_Unwind_Restore_VFP
                0x0000000000009d00                __gnu_Unwind_Save_VFP
                0x0000000000009d08                __gnu_Unwind_Restore_VFP_D
                0x0000000000009d10                __gnu_Unwind_Save_VFP_D
                0x0000000000009d18                __gnu_Unwind_Restore_VFP_D_16_to_31
                0x0000000000009d20                __gnu_Unwind_Save_VFP_D_16_to_31
                0x0000000000009d28                __gnu_Unwind_Restore_WMMXD
                0x0000000000009d6c                __gnu_Unwind_Save_WMMXD
                0x0000000000009db0                __gnu_Unwind_Restore_WMMXC
                0x0000000000009dc4                __gnu_Unwind_Save_WMMXC
                0x0000000000009dd8                ___Unwind_RaiseException
                0x0000000000009dd8                _Unwind_RaiseException
                0x0000000000009dfc                ___Unwind_Resume
                0x0000000000009dfc                _Unwind_Resume
                0x0000000000009e20                _Unwind_Resume_or_Rethrow
                0x0000000000009e20                ___Unwind_Resume_or_Rethrow
                0x0000000000009e44                ___Unwind_ForcedUnwind
                0x0000000000009e44                _Unwind_ForcedUnwind
                0x0000000000009e68                _Unwind_Backtrace
                0x0000000000009e68                ___Unwind_Backtrace
 .text          0x0000000000009e8c      0x33c /usr/lib/gcc/arm-none-eabi/4.8/armv7-m/libgcc.a(pr-support.o)
                0x0000000000009ee0                __gnu_unwind_execute
                0x000000000000a170                __gnu_unwind_frame
                0x000000000000a198                _Unwind_GetRegionStart
                0x000000000000a1a4                _Unwind_GetLanguageSpecificData
                0x000000000000a1b8                _Unwind_GetDataRelBase
                0x000000000000a1c0                _Unwind_GetTextRelBase
 .text          0x000000000000a1c8        0x0 /usr/lib/gcc/arm-none-eabi/4.8/../../../arm-none-eabi/lib/armv7-m/libc.a(lib_a-abort.o)
 .text.abort    0x000000000000a1c8       0x10 /usr/lib/gcc/arm-none-eabi/4.8/../../../arm-none-eabi/lib/armv7-m/libc.a(lib_a-abort.o)
                0x000000000000a1c8                abort
 .text          0x000000000000a1d8        0x0 /usr/lib/gcc/arm-none-eabi/4.8/../../../arm-none-eabi/lib/armv7-m/libc.a(lib_a-atexit.o)
 .text.atexit   0x000000000000a1d8        0xc /usr/lib/gcc/arm-none-eabi/4.8/../../../arm-none-eabi/lib/armv7-m/libc.a(lib_a-atexit.o)
                0x000000000000a1d8                atexit
 .text          0x000000000000a1e4        0x0 /usr/lib/gcc/arm-none-eabi/4.8/../../../arm-none-eabi/lib/armv7-m/libc.a(lib_a-cxa_atexit.o)
 .text.__cxa_atexit
                0x000000000000a1e4       0x14 /usr/lib/gcc/arm-none-eabi/4.8/../../../arm-none-eabi/lib/armv7-m/libc.a(lib_a-cxa_atexit.o)
                0x000000000000a1e4                __cxa_atexit
 .text          0x000000000000a1f8        0x0 /usr/lib/gcc/arm-none-eabi/4.8/../../../arm-none-eabi/lib/armv7-m/libc.a(lib_a-exit.o)
 .text          0x000000000000a1f8        0x0 /usr/lib/gcc/arm-none-eabi/4.8/../../../arm-none-eabi/lib/armv7-m/libc.a(lib_a-fini.o)
 .text.__libc_fini_array
                0x000000000000a1f8       0x30 /usr/lib/gcc/arm-none-eabi/4.8/../../../arm-none-eabi/lib/armv7-m/libc.a(lib_a-fini.o)
                0x000000000000a1f8                __libc_fini_array
 .text          0x000000000000a228        0x0 /usr/lib/gcc/arm-none-eabi/4.8/../../../arm-none-eabi/lib/armv7-m/libc.a(lib_a-impure.o)
 .text          0x000000000000a228        0x0 /usr/lib/gcc/arm-none-eabi/4.8/../../../arm-none-eabi/lib/armv7-m/libc.a(lib_a-init.o)
 .text.__libc_init_array
                0x000000000000a228       0x50 /usr/lib/gcc/arm-none-eabi/4.8/../../../arm-none-eabi/lib/armv7-m/libc.a(lib_a-init.o)
                0x000000000000a228                __libc_init_array
 .text          0x000000000000a278        0x0 /usr/lib/gcc/arm-none-eabi/4.8/../../../arm-none-eabi/lib/armv7-m/libc.a(lib_a-malloc.o)
 .text.malloc   0x000000000000a278       0x10 /usr/lib/gcc/arm-none-eabi/4.8/../../../arm-none-eabi/lib/armv7-m/libc.a(lib_a-malloc.o)
                0x000000000000a278                malloc
 .text.free     0x000000000000a288       0x10 /usr/lib/gcc/arm-none-eabi/4.8/../../../arm-none-eabi/lib/armv7-m/libc.a(lib_a-malloc.o)
                0x000000000000a288                free
 .text          0x000000000000a298        0x0 /usr/lib/gcc/arm-none-eabi/4.8/../../../arm-none-eabi/lib/armv7-m/libc.a(lib_a-mallocr.o)
 .text._malloc_r
                0x000000000000a298      0x538 /usr/lib/gcc/arm-none-eabi/4.8/../../../arm-none-eabi/lib/armv7-m/libc.a(lib_a-mallocr.o)
                0x000000000000a298                _malloc_r
 .text          0x000000000000a7d0       0xec /usr/lib/gcc/arm-none-eabi/4.8/../../../arm-none-eabi/lib/armv7-m/libc.a(lib_a-memcpy.o)
                0x000000000000a7d0                memcpy
 .text          0x000000000000a8bc        0x0 /usr/lib/gcc/arm-none-eabi/4.8/../../../arm-none-eabi/lib/armv7-m/libc.a(lib_a-memset.o)
 .text.memset   0x000000000000a8bc       0x94 /usr/lib/gcc/arm-none-eabi/4.8/../../../arm-none-eabi/lib/armv7-m/libc.a(lib_a-memset.o)
                0x000000000000a8bc                memset
 .text          0x000000000000a950        0x0 /usr/lib/gcc/arm-none-eabi/4.8/../../../arm-none-eabi/lib/armv7-m/libc.a(lib_a-mlock.o)
 .text.__malloc_lock
                0x000000000000a950        0x4 /usr/lib/gcc/arm-none-eabi/4.8/../../../arm-none-eabi/lib/armv7-m/libc.a(lib_a-mlock.o)
                0x000000000000a950                __malloc_lock
 .text.__malloc_unlock
                0x000000000000a954        0x4 /usr/lib/gcc/arm-none-eabi/4.8/../../../arm-none-eabi/lib/armv7-m/libc.a(lib_a-mlock.o)
                0x000000000000a954                __malloc_unlock
 .text          0x000000000000a958        0x0 /usr/lib/gcc/arm-none-eabi/4.8/../../../arm-none-eabi/lib/armv7-m/libc.a(lib_a-sbrkr.o)
 .text._sbrk_r  0x000000000000a958       0x24 /usr/lib/gcc/arm-none-eabi/4.8/../../../arm-none-eabi/lib/armv7-m/libc.a(lib_a-sbrkr.o)
                0x000000000000a958                _sbrk_r
 .text          0x000000000000a97c        0x0 /usr/lib/gcc/arm-none-eabi/4.8/../../../arm-none-eabi/lib/armv7-m/libc.a(lib_a-signal.o)
 .text._init_signal_r
                0x000000000000a97c       0x38 /usr/lib/gcc/arm-none-eabi/4.8/../../../arm-none-eabi/lib/armv7-m/libc.a(lib_a-signal.o)
                0x000000000000a97c                _init_signal_r
 .text._signal_r
                0x000000000000a9b4       0x44 /usr/lib/gcc/arm-none-eabi/4.8/../../../arm-none-eabi/lib/armv7-m/libc.a(lib_a-signal.o)
                0x000000000000a9b4                _signal_r
 .text._raise_r
                0x000000000000a9f8       0x58 /usr/lib/gcc/arm-none-eabi/4.8/../../../arm-none-eabi/lib/armv7-m/libc.a(lib_a-signal.o)
                0x000000000000a9f8                _raise_r
 .text.__sigtramp_r
                0x000000000000aa50       0x58 /usr/lib/gcc/arm-none-eabi/4.8/../../../arm-none-eabi/lib/armv7-m/libc.a(lib_a-signal.o)
                0x000000000000aa50                __sigtramp_r
 .text.raise    0x000000000000aaa8       0x10 /usr/lib/gcc/arm-none-eabi/4.8/../../../arm-none-eabi/lib/armv7-m/libc.a(lib_a-signal.o)
                0x000000000000aaa8                raise
 .text.signal   0x000000000000aab8       0x10 /usr/lib/gcc/arm-none-eabi/4.8/../../../arm-none-eabi/lib/armv7-m/libc.a(lib_a-signal.o)
                0x000000000000aab8                signal
 .text._init_signal
                0x000000000000aac8        0xc /usr/lib/gcc/arm-none-eabi/4.8/../../../arm-none-eabi/lib/armv7-m/libc.a(lib_a-signal.o)
                0x000000000000aac8                _init_signal
 .text.__sigtramp
                0x000000000000aad4       0x10 /usr/lib/gcc/arm-none-eabi/4.8/../../../arm-none-eabi/lib/armv7-m/libc.a(lib_a-signal.o)
                0x000000000000aad4                __sigtramp
 .text          0x000000000000aae4        0x0 /usr/lib/gcc/arm-none-eabi/4.8/../../../arm-none-eabi/lib/armv7-m/libc.a(lib_a-signalr.o)
 .text._kill_r  0x000000000000aae4       0x28 /usr/lib/gcc/arm-none-eabi/4.8/../../../arm-none-eabi/lib/armv7-m/libc.a(lib_a-signalr.o)
                0x000000000000aae4                _kill_r
 .text._getpid_r
                0x000000000000ab0c        0x4 /usr/lib/gcc/arm-none-eabi/4.8/../../../arm-none-eabi/lib/armv7-m/libc.a(lib_a-signalr.o)
                0x000000000000ab0c                _getpid_r
 .text          0x000000000000ab10      0x1bc /usr/lib/gcc/arm-none-eabi/4.8/../../../arm-none-eabi/lib/armv7-m/libc.a(lib_a-strcmp.o)
                0x000000000000ab10                strcmp
 .text          0x000000000000accc        0x0 /usr/lib/gcc/arm-none-eabi/4.8/../../../arm-none-eabi/lib/armv7-m/libc.a(lib_a-__atexit.o)
 .text.__register_exitproc
                0x000000000000accc       0xa8 /usr/lib/gcc/arm-none-eabi/4.8/../../../arm-none-eabi/lib/armv7-m/libc.a(lib_a-__atexit.o)
                0x000000000000accc                __register_exitproc
 .text          0x000000000000ad74        0x0 /usr/lib/gcc/arm-none-eabi/4.8/../../../arm-none-eabi/lib/armv7-m/libc.a(lib_a-__call_atexit.o)
 .text.__call_exitprocs
                0x000000000000ad74       0xf0 /usr/lib/gcc/arm-none-eabi/4.8/../../../arm-none-eabi/lib/armv7-m/libc.a(lib_a-__call_atexit.o)
                0x000000000000ad74                __call_exitprocs
 .text          0x000000000000ae64        0x0 /usr/lib/gcc/arm-none-eabi/4.8/../../../arm-none-eabi/lib/armv7-m/libc.a(lib_a-freer.o)
 .text._malloc_trim_r
                0x000000000000ae64       0x9c /usr/lib/gcc/arm-none-eabi/4.8/../../../arm-none-eabi/lib/armv7-m/libc.a(lib_a-freer.o)
                0x000000000000ae64                _malloc_trim_r
 .text._free_r  0x000000000000af00      0x198 /usr/lib/gcc/arm-none-eabi/4.8/../../../arm-none-eabi/lib/armv7-m/libc.a(lib_a-freer.o)
                0x000000000000af00                _free_r
 .text          0x000000000000b098        0x0 /usr/lib/gcc/arm-none-eabi/4.8/../../../arm-none-eabi/lib/armv7-m/libc.a(lib_a-reent.o)
 .text.cleanup_glue
                0x000000000000b098       0x1c /usr/lib/gcc/arm-none-eabi/4.8/../../../arm-none-eabi/lib/armv7-m/libc.a(lib_a-reent.o)
                0x000000000000b098                cleanup_glue
 .text._reclaim_reent
                0x000000000000b0b4       0x90 /usr/lib/gcc/arm-none-eabi/4.8/../../../arm-none-eabi/lib/armv7-m/libc.a(lib_a-reent.o)
                0x000000000000b0b4                _reclaim_reent
 .text          0x000000000000b144        0x0 /usr/lib/gcc/arm-none-eabi/4.8/../../../arm-none-eabi/lib/armv7-m/libnosys.a(getpid.o)
 .text._getpid  0x000000000000b144       0x10 /usr/lib/gcc/arm-none-eabi/4.8/../../../arm-none-eabi/lib/armv7-m/libnosys.a(getpid.o)
                0x000000000000b144                _getpid
 .text          0x000000000000b154        0x0 /usr/lib/gcc/arm-none-eabi/4.8/../../../arm-none-eabi/lib/armv7-m/libnosys.a(kill.o)
 .text._kill    0x000000000000b154       0x10 /usr/lib/gcc/arm-none-eabi/4.8/../../../arm-none-eabi/lib/armv7-m/libnosys.a(kill.o)
                0x000000000000b154                _kill
 .text          0x000000000000b164        0x0 /usr/lib/gcc/arm-none-eabi/4.8/../../../arm-none-eabi/lib/armv7-m/libnosys.a(sbrk.o)
 .text._sbrk    0x000000000000b164       0x1c /usr/lib/gcc/arm-none-eabi/4.8/../../../arm-none-eabi/lib/armv7-m/libnosys.a(sbrk.o)
                0x000000000000b164                _sbrk
 .text          0x000000000000b180        0x0 /usr/lib/gcc/arm-none-eabi/4.8/../../../arm-none-eabi/lib/armv7-m/libnosys.a(_exit.o)
 .text._exit    0x000000000000b180        0x4 /usr/lib/gcc/arm-none-eabi/4.8/../../../arm-none-eabi/lib/armv7-m/libnosys.a(_exit.o)
                0x000000000000b180                _exit
 .text          0x000000000000b184        0x0 /usr/lib/gcc/arm-none-eabi/4.8/armv7-m/crtend.o
 .text          0x000000000000b184        0x0 /usr/lib/gcc/arm-none-eabi/4.8/armv7-m/crtn.o
 *(.gnu.warning)
 *(.glue_7t)
 .glue_7t       0x000000000000b184        0x0 linker stubs
 *(.glue_7)
 .glue_7        0x000000000000b184        0x0 linker stubs
 *(.vfp11_veneer)
 .vfp11_veneer  0x000000000000b184        0x0 linker stubs
 *(.v4_bx)
 .v4_bx         0x000000000000b184        0x0 linker stubs

.fini           0x000000000000b184        0xc
 *(SORT(.fini))
 .fini          0x000000000000b184        0x4 /usr/lib/gcc/arm-none-eabi/4.8/armv7-m/crti.o
                0x000000000000b184                _fini
 .fini          0x000000000000b188        0x8 /usr/lib/gcc/arm-none-eabi/4.8/armv7-m/crtn.o
                0x000000000000b190                PROVIDE (__etext, .)
                0x000000000000b190                PROVIDE (_etext, .)
                0x000000000000b190                PROVIDE (etext, .)

.rodata         0x000000000000b190      0x288
 *(.rodata .rodata.* .gnu.linkonce.r.*)
 .rodata        0x000000000000b190       0x1c /tmp/ccn7f5IL.o
 .rodata._ZTIN9__gnu_cxx20recursive_init_errorE
                0x000000000000b1ac        0xc /usr/lib/gcc/arm-none-eabi/4.8/../../../arm-none-eabi/lib/armv7-m/libstdc++.a(guard_error.o)
                0x000000000000b1ac                typeinfo for __gnu_cxx::recursive_init_error
 .rodata._ZTSN9__gnu_cxx20recursive_init_errorE
                0x000000000000b1b8       0x24 /usr/lib/gcc/arm-none-eabi/4.8/../../../arm-none-eabi/lib/armv7-m/libstdc++.a(guard_error.o)
                0x000000000000b1b8                typeinfo name for __gnu_cxx::recursive_init_error
 *fill*         0x000000000000b1dc        0x4 
 .rodata._ZTVN9__gnu_cxx20recursive_init_errorE
                0x000000000000b1e0       0x18 /usr/lib/gcc/arm-none-eabi/4.8/../../../arm-none-eabi/lib/armv7-m/libstdc++.a(guard_error.o)
                0x000000000000b1e0                vtable for __gnu_cxx::recursive_init_error
 .rodata._ZTVN10__cxxabiv120__si_class_type_infoE
                0x000000000000b1f8       0x30 /usr/lib/gcc/arm-none-eabi/4.8/../../../arm-none-eabi/lib/armv7-m/libstdc++.a(si_class_type_info.o)
                0x000000000000b1f8                vtable for __cxxabiv1::__si_class_type_info
 .rodata._ZTIN10__cxxabiv120__si_class_type_infoE
                0x000000000000b228        0xc /usr/lib/gcc/arm-none-eabi/4.8/../../../arm-none-eabi/lib/armv7-m/libstdc++.a(si_class_type_info.o)
                0x000000000000b228                typeinfo for __cxxabiv1::__si_class_type_info
 .rodata._ZTSN10__cxxabiv120__si_class_type_infoE
                0x000000000000b234       0x28 /usr/lib/gcc/arm-none-eabi/4.8/../../../arm-none-eabi/lib/armv7-m/libstdc++.a(si_class_type_info.o)
                0x000000000000b234                typeinfo name for __cxxabiv1::__si_class_type_info
 *fill*         0x000000000000b25c        0x4 
 .rodata._ZTVN10__cxxabiv115__forced_unwindE
                0x000000000000b260       0x18 /usr/lib/gcc/arm-none-eabi/4.8/../../../arm-none-eabi/lib/armv7-m/libstdc++.a(eh_exception.o)
                0x000000000000b260                vtable for __cxxabiv1::__forced_unwind
 .rodata._ZTVSt9exception
                0x000000000000b278       0x18 /usr/lib/gcc/arm-none-eabi/4.8/../../../arm-none-eabi/lib/armv7-m/libstdc++.a(eh_exception.o)
                0x000000000000b278                vtable for std::exception
 .rodata._ZTIN10__cxxabiv115__forced_unwindE
                0x000000000000b290        0x8 /usr/lib/gcc/arm-none-eabi/4.8/../../../arm-none-eabi/lib/armv7-m/libstdc++.a(eh_exception.o)
                0x000000000000b290                typeinfo for __cxxabiv1::__forced_unwind
 .rodata._ZTISt9exception
                0x000000000000b298        0x8 /usr/lib/gcc/arm-none-eabi/4.8/../../../arm-none-eabi/lib/armv7-m/libstdc++.a(eh_exception.o)
                0x000000000000b298                typeinfo for std::exception
 .rodata._ZTSSt13bad_exception
                0x000000000000b2a0       0x14 /usr/lib/gcc/arm-none-eabi/4.8/../../../arm-none-eabi/lib/armv7-m/libstdc++.a(eh_exception.o)
                0x000000000000b2a0                typeinfo name for std::bad_exception
 .rodata.str1.4
                0x000000000000b2b4       0x23 /usr/lib/gcc/arm-none-eabi/4.8/../../../arm-none-eabi/lib/armv7-m/libstdc++.a(eh_exception.o)
                                         0x24 (size before relaxing)
 *fill*         0x000000000000b2d7        0x1 
 .rodata._ZTSN10__cxxabiv119__foreign_exceptionE
                0x000000000000b2d8       0x24 /usr/lib/gcc/arm-none-eabi/4.8/../../../arm-none-eabi/lib/armv7-m/libstdc++.a(eh_exception.o)
                0x000000000000b2d8                typeinfo name for __cxxabiv1::__foreign_exception
 .rodata._ZTIN10__cxxabiv119__foreign_exceptionE
                0x000000000000b2fc        0x8 /usr/lib/gcc/arm-none-eabi/4.8/../../../arm-none-eabi/lib/armv7-m/libstdc++.a(eh_exception.o)
                0x000000000000b2fc                typeinfo for __cxxabiv1::__foreign_exception
 *fill*         0x000000000000b304        0x4 
 .rodata._ZTVSt13bad_exception
                0x000000000000b308       0x18 /usr/lib/gcc/arm-none-eabi/4.8/../../../arm-none-eabi/lib/armv7-m/libstdc++.a(eh_exception.o)
                0x000000000000b308                vtable for std::bad_exception
 .rodata._ZTSSt9exception
                0x000000000000b320       0x10 /usr/lib/gcc/arm-none-eabi/4.8/../../../arm-none-eabi/lib/armv7-m/libstdc++.a(eh_exception.o)
                0x000000000000b320                typeinfo name for std::exception
 .rodata._ZTVN10__cxxabiv119__foreign_exceptionE
                0x000000000000b330       0x18 /usr/lib/gcc/arm-none-eabi/4.8/../../../arm-none-eabi/lib/armv7-m/libstdc++.a(eh_exception.o)
                0x000000000000b330                vtable for __cxxabiv1::__foreign_exception
 .rodata._ZTSN10__cxxabiv115__forced_unwindE
                0x000000000000b348       0x20 /usr/lib/gcc/arm-none-eabi/4.8/../../../arm-none-eabi/lib/armv7-m/libstdc++.a(eh_exception.o)
                0x000000000000b348                typeinfo name for __cxxabiv1::__forced_unwind
 .rodata._ZTISt13bad_exception
                0x000000000000b368        0xc /usr/lib/gcc/arm-none-eabi/4.8/../../../arm-none-eabi/lib/armv7-m/libstdc++.a(eh_exception.o)
                0x000000000000b368                typeinfo for std::bad_exception
 .rodata._ZTISt9type_info
                0x000000000000b374        0x8 /usr/lib/gcc/arm-none-eabi/4.8/../../../arm-none-eabi/lib/armv7-m/libstdc++.a(tinfo.o)
                0x000000000000b374                typeinfo for std::type_info
 .rodata._ZTSSt9type_info
                0x000000000000b37c       0x10 /usr/lib/gcc/arm-none-eabi/4.8/../../../arm-none-eabi/lib/armv7-m/libstdc++.a(tinfo.o)
                0x000000000000b37c                typeinfo name for std::type_info
 *fill*         0x000000000000b38c        0x4 
 .rodata._ZTVSt9type_info
                0x000000000000b390       0x20 /usr/lib/gcc/arm-none-eabi/4.8/../../../arm-none-eabi/lib/armv7-m/libstdc++.a(tinfo.o)
                0x000000000000b390                vtable for std::type_info
 .rodata._ZTVN10__cxxabiv117__class_type_infoE
                0x000000000000b3b0       0x30 /usr/lib/gcc/arm-none-eabi/4.8/../../../arm-none-eabi/lib/armv7-m/libstdc++.a(class_type_info.o)
                0x000000000000b3b0                vtable for __cxxabiv1::__class_type_info
 .rodata._ZTIN10__cxxabiv117__class_type_infoE
                0x000000000000b3e0        0xc /usr/lib/gcc/arm-none-eabi/4.8/../../../arm-none-eabi/lib/armv7-m/libstdc++.a(class_type_info.o)
                0x000000000000b3e0                typeinfo for __cxxabiv1::__class_type_info
 .rodata._ZTSN10__cxxabiv117__class_type_infoE
                0x000000000000b3ec       0x24 /usr/lib/gcc/arm-none-eabi/4.8/../../../arm-none-eabi/lib/armv7-m/libstdc++.a(class_type_info.o)
                0x000000000000b3ec                typeinfo name for __cxxabiv1::__class_type_info
 .rodata.str1.4
                0x000000000000b410        0x4 /usr/lib/gcc/arm-none-eabi/4.8/../../../arm-none-eabi/lib/armv7-m/libc.a(lib_a-impure.o)
 .rodata._global_impure_ptr
                0x000000000000b414        0x4 /usr/lib/gcc/arm-none-eabi/4.8/../../../arm-none-eabi/lib/armv7-m/libc.a(lib_a-impure.o)
                0x000000000000b414                _global_impure_ptr

.rodata1
 *(.rodata1)

.ARM.extab      0x000000000000b418       0xec
 *(.ARM.extab* .gnu.linkonce.armextab.*)
 .ARM.extab     0x000000000000b418        0x0 /usr/lib/gcc/arm-none-eabi/4.8/../../../arm-none-eabi/lib/armv7-m/crt0.o
 .ARM.extab.text._ZN4TotoC2Ei
                0x000000000000b418        0x0 /tmp/ccn7f5IL.o
 .ARM.extab.text._ZN4TotoD2Ev
                0x000000000000b418        0x0 /tmp/ccn7f5IL.o
 .ARM.extab     0x000000000000b418        0x0 /tmp/ccn7f5IL.o
 .ARM.extab.text.__aeabi_atexit
                0x000000000000b418        0x0 /usr/lib/gcc/arm-none-eabi/4.8/../../../arm-none-eabi/lib/armv7-m/libstdc++.a(atexit_arm.o)
 .ARM.extab.text.__cxa_guard_acquire
                0x000000000000b418        0xc /usr/lib/gcc/arm-none-eabi/4.8/../../../arm-none-eabi/lib/armv7-m/libstdc++.a(guard.o)
 .ARM.extab.text.__cxa_guard_abort
                0x000000000000b424        0x0 /usr/lib/gcc/arm-none-eabi/4.8/../../../arm-none-eabi/lib/armv7-m/libstdc++.a(guard.o)
 .ARM.extab.text.__cxa_guard_release
                0x000000000000b424        0x0 /usr/lib/gcc/arm-none-eabi/4.8/../../../arm-none-eabi/lib/armv7-m/libstdc++.a(guard.o)
 .ARM.extab.text.__cxa_allocate_exception
                0x000000000000b424        0x0 /usr/lib/gcc/arm-none-eabi/4.8/../../../arm-none-eabi/lib/armv7-m/libstdc++.a(eh_alloc.o)
 .ARM.extab.text.__cxa_free_exception
                0x000000000000b424        0x0 /usr/lib/gcc/arm-none-eabi/4.8/../../../arm-none-eabi/lib/armv7-m/libstdc++.a(eh_alloc.o)
 .ARM.extab.text.__cxa_allocate_dependent_exception
                0x000000000000b424        0x0 /usr/lib/gcc/arm-none-eabi/4.8/../../../arm-none-eabi/lib/armv7-m/libstdc++.a(eh_alloc.o)
 .ARM.extab.text.__cxa_free_dependent_exception
                0x000000000000b424        0x0 /usr/lib/gcc/arm-none-eabi/4.8/../../../arm-none-eabi/lib/armv7-m/libstdc++.a(eh_alloc.o)
 .ARM.extab.text._ZN10__cxxabiv111__terminateEPFvvE
                0x000000000000b424       0x2c /usr/lib/gcc/arm-none-eabi/4.8/../../../arm-none-eabi/lib/armv7-m/libstdc++.a(eh_terminate.o)
 .ARM.extab.text._ZSt9terminatev
                0x000000000000b450        0x0 /usr/lib/gcc/arm-none-eabi/4.8/../../../arm-none-eabi/lib/armv7-m/libstdc++.a(eh_terminate.o)
 .ARM.extab.text._ZN10__cxxabiv112__unexpectedEPFvvE
                0x000000000000b450        0xc /usr/lib/gcc/arm-none-eabi/4.8/../../../arm-none-eabi/lib/armv7-m/libstdc++.a(eh_terminate.o)
 .ARM.extab.text._ZSt10unexpectedv
                0x000000000000b45c        0xc /usr/lib/gcc/arm-none-eabi/4.8/../../../arm-none-eabi/lib/armv7-m/libstdc++.a(eh_terminate.o)
 .ARM.extab.text._ZSt13set_terminatePFvvE
                0x000000000000b468        0x0 /usr/lib/gcc/arm-none-eabi/4.8/../../../arm-none-eabi/lib/armv7-m/libstdc++.a(eh_terminate.o)
 .ARM.extab.text._ZSt14set_unexpectedPFvvE
                0x000000000000b468        0x0 /usr/lib/gcc/arm-none-eabi/4.8/../../../arm-none-eabi/lib/armv7-m/libstdc++.a(eh_terminate.o)
 .ARM.extab.text._ZN10__cxxabiv1L24__is_gxx_exception_classEPc
                0x000000000000b468        0x0 /usr/lib/gcc/arm-none-eabi/4.8/../../../arm-none-eabi/lib/armv7-m/libstdc++.a(eh_call.o)
 .ARM.extab.text.__cxa_call_terminate
                0x000000000000b468        0x0 /usr/lib/gcc/arm-none-eabi/4.8/../../../arm-none-eabi/lib/armv7-m/libstdc++.a(eh_call.o)
 .ARM.extab.text.__cxa_call_unexpected
                0x000000000000b468       0x2c /usr/lib/gcc/arm-none-eabi/4.8/../../../arm-none-eabi/lib/armv7-m/libstdc++.a(eh_call.o)
 .ARM.extab.text._ZN9__gnu_cxx20recursive_init_errorD2Ev
                0x000000000000b494        0x0 /usr/lib/gcc/arm-none-eabi/4.8/../../../arm-none-eabi/lib/armv7-m/libstdc++.a(guard_error.o)
 .ARM.extab.text._ZN9__gnu_cxx20recursive_init_errorD0Ev
                0x000000000000b494        0x0 /usr/lib/gcc/arm-none-eabi/4.8/../../../arm-none-eabi/lib/armv7-m/libstdc++.a(guard_error.o)
 .ARM.extab.text._ZN10__cxxabiv120__si_class_type_infoD2Ev
                0x000000000000b494        0x0 /usr/lib/gcc/arm-none-eabi/4.8/../../../arm-none-eabi/lib/armv7-m/libstdc++.a(si_class_type_info.o)
 .ARM.extab.text._ZN10__cxxabiv120__si_class_type_infoD0Ev
                0x000000000000b494        0x0 /usr/lib/gcc/arm-none-eabi/4.8/../../../arm-none-eabi/lib/armv7-m/libstdc++.a(si_class_type_info.o)
 .ARM.extab.text._ZNK10__cxxabiv120__si_class_type_info20__do_find_public_srcEiPKvPKNS_17__class_type_infoES2_
                0x000000000000b494        0x0 /usr/lib/gcc/arm-none-eabi/4.8/../../../arm-none-eabi/lib/armv7-m/libstdc++.a(si_class_type_info.o)
 .ARM.extab.text._ZNK10__cxxabiv120__si_class_type_info12__do_dyncastEiNS_17__class_type_info10__sub_kindEPKS1_PKvS4_S6_RNS1_16__dyncast_resultE
                0x000000000000b494        0x0 /usr/lib/gcc/arm-none-eabi/4.8/../../../arm-none-eabi/lib/armv7-m/libstdc++.a(si_class_type_info.o)
 .ARM.extab.text._ZNK10__cxxabiv120__si_class_type_info11__do_upcastEPKNS_17__class_type_infoEPKvRNS1_15__upcast_resultE
                0x000000000000b494        0x0 /usr/lib/gcc/arm-none-eabi/4.8/../../../arm-none-eabi/lib/armv7-m/libstdc++.a(si_class_type_info.o)
 .ARM.extab.text.__cxa_get_exception_ptr
                0x000000000000b494        0x0 /usr/lib/gcc/arm-none-eabi/4.8/../../../arm-none-eabi/lib/armv7-m/libstdc++.a(eh_catch.o)
 .ARM.extab.text.__cxa_begin_catch
                0x000000000000b494       0x20 /usr/lib/gcc/arm-none-eabi/4.8/../../../arm-none-eabi/lib/armv7-m/libstdc++.a(eh_catch.o)
 .ARM.extab.text.__cxa_end_catch
                0x000000000000b4b4        0x0 /usr/lib/gcc/arm-none-eabi/4.8/../../../arm-none-eabi/lib/armv7-m/libstdc++.a(eh_catch.o)
 .ARM.extab.text._ZSt18uncaught_exceptionv
                0x000000000000b4b4        0x0 /usr/lib/gcc/arm-none-eabi/4.8/../../../arm-none-eabi/lib/armv7-m/libstdc++.a(eh_catch.o)
 .ARM.extab.text._ZNSt9exceptionD2Ev
                0x000000000000b4b4        0x0 /usr/lib/gcc/arm-none-eabi/4.8/../../../arm-none-eabi/lib/armv7-m/libstdc++.a(eh_exception.o)
 .ARM.extab.text._ZNSt13bad_exceptionD2Ev
                0x000000000000b4b4        0x0 /usr/lib/gcc/arm-none-eabi/4.8/../../../arm-none-eabi/lib/armv7-m/libstdc++.a(eh_exception.o)
 .ARM.extab.text._ZN10__cxxabiv115__forced_unwindD2Ev
                0x000000000000b4b4        0x0 /usr/lib/gcc/arm-none-eabi/4.8/../../../arm-none-eabi/lib/armv7-m/libstdc++.a(eh_exception.o)
 .ARM.extab.text._ZN10__cxxabiv119__foreign_exceptionD2Ev
                0x000000000000b4b4        0x0 /usr/lib/gcc/arm-none-eabi/4.8/../../../arm-none-eabi/lib/armv7-m/libstdc++.a(eh_exception.o)
 .ARM.extab.text._ZNKSt9exception4whatEv
                0x000000000000b4b4        0x0 /usr/lib/gcc/arm-none-eabi/4.8/../../../arm-none-eabi/lib/armv7-m/libstdc++.a(eh_exception.o)
 .ARM.extab.text._ZNKSt13bad_exception4whatEv
                0x000000000000b4b4        0x0 /usr/lib/gcc/arm-none-eabi/4.8/../../../arm-none-eabi/lib/armv7-m/libstdc++.a(eh_exception.o)
 .ARM.extab.text._ZNSt9exceptionD0Ev
                0x000000000000b4b4        0x0 /usr/lib/gcc/arm-none-eabi/4.8/../../../arm-none-eabi/lib/armv7-m/libstdc++.a(eh_exception.o)
 .ARM.extab.text._ZNSt13bad_exceptionD0Ev
                0x000000000000b4b4        0x0 /usr/lib/gcc/arm-none-eabi/4.8/../../../arm-none-eabi/lib/armv7-m/libstdc++.a(eh_exception.o)
 .ARM.extab.text._ZN10__cxxabiv115__forced_unwindD0Ev
                0x000000000000b4b4        0x0 /usr/lib/gcc/arm-none-eabi/4.8/../../../arm-none-eabi/lib/armv7-m/libstdc++.a(eh_exception.o)
 .ARM.extab.text._ZN10__cxxabiv119__foreign_exceptionD0Ev
                0x000000000000b4b4        0x0 /usr/lib/gcc/arm-none-eabi/4.8/../../../arm-none-eabi/lib/armv7-m/libstdc++.a(eh_exception.o)
 .ARM.extab.text._ZL12read_sleb128PKhPl
                0x000000000000b4b4        0x0 /usr/lib/gcc/arm-none-eabi/4.8/../../../arm-none-eabi/lib/armv7-m/libstdc++.a(eh_personality.o)
 .ARM.extab.text._ZL28read_encoded_value_with_basehjPKhPj
                0x000000000000b4b4        0x0 /usr/lib/gcc/arm-none-eabi/4.8/../../../arm-none-eabi/lib/armv7-m/libstdc++.a(eh_personality.o)
 .ARM.extab.text._ZL21base_of_encoded_valuehP15_Unwind_Context
                0x000000000000b4b4        0xc /usr/lib/gcc/arm-none-eabi/4.8/../../../arm-none-eabi/lib/armv7-m/libstdc++.a(eh_personality.o)
 .ARM.extab.text._ZL17parse_lsda_headerP15_Unwind_ContextPKhP16lsda_header_info
                0x000000000000b4c0        0x0 /usr/lib/gcc/arm-none-eabi/4.8/../../../arm-none-eabi/lib/armv7-m/libstdc++.a(eh_personality.o)
 .ARM.extab.text.__gxx_personality_v0
                0x000000000000b4c0       0x20 /usr/lib/gcc/arm-none-eabi/4.8/../../../arm-none-eabi/lib/armv7-m/libstdc++.a(eh_personality.o)
 .ARM.extab.text._ZL23__gxx_exception_cleanup19_Unwind_Reason_CodeP21_Unwind_Control_Block
                0x000000000000b4e0        0x0 /usr/lib/gcc/arm-none-eabi/4.8/../../../arm-none-eabi/lib/armv7-m/libstdc++.a(eh_throw.o)
 .ARM.extab.text.__cxa_throw
                0x000000000000b4e0        0x0 /usr/lib/gcc/arm-none-eabi/4.8/../../../arm-none-eabi/lib/armv7-m/libstdc++.a(eh_throw.o)
 .ARM.extab.text.__cxa_rethrow
                0x000000000000b4e0        0x0 /usr/lib/gcc/arm-none-eabi/4.8/../../../arm-none-eabi/lib/armv7-m/libstdc++.a(eh_throw.o)
 .ARM.extab.text._ZNSt9type_infoD2Ev
                0x000000000000b4e0        0x0 /usr/lib/gcc/arm-none-eabi/4.8/../../../arm-none-eabi/lib/armv7-m/libstdc++.a(tinfo.o)
 .ARM.extab.text._ZNKSt9type_info14__is_pointer_pEv
                0x000000000000b4e0        0x0 /usr/lib/gcc/arm-none-eabi/4.8/../../../arm-none-eabi/lib/armv7-m/libstdc++.a(tinfo.o)
 .ARM.extab.text._ZNKSt9type_info15__is_function_pEv
                0x000000000000b4e0        0x0 /usr/lib/gcc/arm-none-eabi/4.8/../../../arm-none-eabi/lib/armv7-m/libstdc++.a(tinfo.o)
 .ARM.extab.text._ZNKSt9type_info11__do_upcastEPKN10__cxxabiv117__class_type_infoEPPv
                0x000000000000b4e0        0x0 /usr/lib/gcc/arm-none-eabi/4.8/../../../arm-none-eabi/lib/armv7-m/libstdc++.a(tinfo.o)
 .ARM.extab.text._ZNSt9type_infoD0Ev
                0x000000000000b4e0        0x0 /usr/lib/gcc/arm-none-eabi/4.8/../../../arm-none-eabi/lib/armv7-m/libstdc++.a(tinfo.o)
 .ARM.extab.text._ZNKSt9type_infoeqERKS_
                0x000000000000b4e0        0x0 /usr/lib/gcc/arm-none-eabi/4.8/../../../arm-none-eabi/lib/armv7-m/libstdc++.a(tinfo.o)
 .ARM.extab.text._ZNKSt9type_info10__do_catchEPKS_PPvj
                0x000000000000b4e0        0x0 /usr/lib/gcc/arm-none-eabi/4.8/../../../arm-none-eabi/lib/armv7-m/libstdc++.a(tinfo.o)
 .ARM.extab.text.__cxa_get_globals_fast
                0x000000000000b4e0        0x0 /usr/lib/gcc/arm-none-eabi/4.8/../../../arm-none-eabi/lib/armv7-m/libstdc++.a(eh_globals.o)
 .ARM.extab.text.__cxa_get_globals
                0x000000000000b4e0        0x0 /usr/lib/gcc/arm-none-eabi/4.8/../../../arm-none-eabi/lib/armv7-m/libstdc++.a(eh_globals.o)
 .ARM.extab.text._ZNK10__cxxabiv117__class_type_info11__do_upcastEPKS0_PPv
                0x000000000000b4e0        0x0 /usr/lib/gcc/arm-none-eabi/4.8/../../../arm-none-eabi/lib/armv7-m/libstdc++.a(class_type_info.o)
 .ARM.extab.text._ZNK10__cxxabiv117__class_type_info20__do_find_public_srcEiPKvPKS0_S2_
                0x000000000000b4e0        0x0 /usr/lib/gcc/arm-none-eabi/4.8/../../../arm-none-eabi/lib/armv7-m/libstdc++.a(class_type_info.o)
 .ARM.extab.text._ZN10__cxxabiv117__class_type_infoD2Ev
                0x000000000000b4e0        0x0 /usr/lib/gcc/arm-none-eabi/4.8/../../../arm-none-eabi/lib/armv7-m/libstdc++.a(class_type_info.o)
 .ARM.extab.text._ZN10__cxxabiv117__class_type_infoD0Ev
                0x000000000000b4e0        0x0 /usr/lib/gcc/arm-none-eabi/4.8/../../../arm-none-eabi/lib/armv7-m/libstdc++.a(class_type_info.o)
 .ARM.extab.text._ZNK10__cxxabiv117__class_type_info11__do_upcastEPKS0_PKvRNS0_15__upcast_resultE
                0x000000000000b4e0        0x0 /usr/lib/gcc/arm-none-eabi/4.8/../../../arm-none-eabi/lib/armv7-m/libstdc++.a(class_type_info.o)
 .ARM.extab.text._ZNK10__cxxabiv117__class_type_info10__do_catchEPKSt9type_infoPPvj
                0x000000000000b4e0        0x0 /usr/lib/gcc/arm-none-eabi/4.8/../../../arm-none-eabi/lib/armv7-m/libstdc++.a(class_type_info.o)
 .ARM.extab.text._ZNK10__cxxabiv117__class_type_info12__do_dyncastEiNS0_10__sub_kindEPKS0_PKvS3_S5_RNS0_16__dyncast_resultE
                0x000000000000b4e0        0x0 /usr/lib/gcc/arm-none-eabi/4.8/../../../arm-none-eabi/lib/armv7-m/libstdc++.a(class_type_info.o)
 .ARM.extab.text.__cxa_type_match
                0x000000000000b4e0        0x0 /usr/lib/gcc/arm-none-eabi/4.8/../../../arm-none-eabi/lib/armv7-m/libstdc++.a(eh_arm.o)
 .ARM.extab.text.__cxa_begin_cleanup
                0x000000000000b4e0        0x0 /usr/lib/gcc/arm-none-eabi/4.8/../../../arm-none-eabi/lib/armv7-m/libstdc++.a(eh_arm.o)
 .ARM.extab.text.__gnu_end_cleanup
                0x000000000000b4e0        0x0 /usr/lib/gcc/arm-none-eabi/4.8/../../../arm-none-eabi/lib/armv7-m/libstdc++.a(eh_arm.o)
 .ARM.extab.text._ZdlPv
                0x000000000000b4e0        0x0 /usr/lib/gcc/arm-none-eabi/4.8/../../../arm-none-eabi/lib/armv7-m/libstdc++.a(del_op.o)
 .ARM.extab.text.__cxa_pure_virtual
                0x000000000000b4e0        0x0 /usr/lib/gcc/arm-none-eabi/4.8/../../../arm-none-eabi/lib/armv7-m/libstdc++.a(pure.o)
 .ARM.extab.text.__cxa_deleted_virtual
                0x000000000000b4e0        0x0 /usr/lib/gcc/arm-none-eabi/4.8/../../../arm-none-eabi/lib/armv7-m/libstdc++.a(pure.o)
 .ARM.extab     0x000000000000b4e0        0xc /usr/lib/gcc/arm-none-eabi/4.8/armv7-m/libgcc.a(unwind-arm.o)
 .ARM.extab     0x000000000000b4ec       0x18 /usr/lib/gcc/arm-none-eabi/4.8/armv7-m/libgcc.a(pr-support.o)
                0x000000000000b504                PROVIDE (__exidx_start, .)

.ARM.exidx      0x000000000000b504      0x1d0
 *(.ARM.exidx* .gnu.linkonce.armexidx.*)
 .ARM.exidx     0x000000000000b504        0x8 /usr/lib/gcc/arm-none-eabi/4.8/../../../arm-none-eabi/lib/armv7-m/crt0.o
 .ARM.exidx.text._ZN4TotoC2Ei
                0x000000000000b50c        0x0 /tmp/ccn7f5IL.o
                                          0x8 (size before relaxing)
 .ARM.exidx.text._ZN4TotoD2Ev
                0x000000000000b50c        0x0 /tmp/ccn7f5IL.o
                                          0x8 (size before relaxing)
 .ARM.exidx     0x000000000000b50c        0x0 /tmp/ccn7f5IL.o
                                         0x18 (size before relaxing)
 .ARM.exidx.text.__aeabi_atexit
                0x000000000000b50c        0x0 /usr/lib/gcc/arm-none-eabi/4.8/../../../arm-none-eabi/lib/armv7-m/libstdc++.a(atexit_arm.o)
                                          0x8 (size before relaxing)
 .ARM.exidx.text.__cxa_guard_acquire
                0x000000000000b50c        0x8 /usr/lib/gcc/arm-none-eabi/4.8/../../../arm-none-eabi/lib/armv7-m/libstdc++.a(guard.o)
 .ARM.exidx.text.__cxa_guard_abort
                0x000000000000b514        0x8 /usr/lib/gcc/arm-none-eabi/4.8/../../../arm-none-eabi/lib/armv7-m/libstdc++.a(guard.o)
 .ARM.exidx.text.__cxa_guard_release
                0x000000000000b51c        0x0 /usr/lib/gcc/arm-none-eabi/4.8/../../../arm-none-eabi/lib/armv7-m/libstdc++.a(guard.o)
                                          0x8 (size before relaxing)
 .ARM.exidx.text.__cxa_allocate_exception
                0x000000000000b51c        0x0 /usr/lib/gcc/arm-none-eabi/4.8/../../../arm-none-eabi/lib/armv7-m/libstdc++.a(eh_alloc.o)
                                          0x8 (size before relaxing)
 .ARM.exidx.text.__cxa_free_exception
                0x000000000000b51c        0x0 /usr/lib/gcc/arm-none-eabi/4.8/../../../arm-none-eabi/lib/armv7-m/libstdc++.a(eh_alloc.o)
                                          0x8 (size before relaxing)
 .ARM.exidx.text.__cxa_allocate_dependent_exception
                0x000000000000b51c        0x0 /usr/lib/gcc/arm-none-eabi/4.8/../../../arm-none-eabi/lib/armv7-m/libstdc++.a(eh_alloc.o)
                                          0x8 (size before relaxing)
 .ARM.exidx.text.__cxa_free_dependent_exception
                0x000000000000b51c        0x0 /usr/lib/gcc/arm-none-eabi/4.8/../../../arm-none-eabi/lib/armv7-m/libstdc++.a(eh_alloc.o)
                                          0x8 (size before relaxing)
 .ARM.exidx.text._ZN10__cxxabiv111__terminateEPFvvE
                0x000000000000b51c        0x8 /usr/lib/gcc/arm-none-eabi/4.8/../../../arm-none-eabi/lib/armv7-m/libstdc++.a(eh_terminate.o)
 .ARM.exidx.text._ZSt9terminatev
                0x000000000000b524        0x8 /usr/lib/gcc/arm-none-eabi/4.8/../../../arm-none-eabi/lib/armv7-m/libstdc++.a(eh_terminate.o)
 .ARM.exidx.text._ZN10__cxxabiv112__unexpectedEPFvvE
                0x000000000000b52c        0x8 /usr/lib/gcc/arm-none-eabi/4.8/../../../arm-none-eabi/lib/armv7-m/libstdc++.a(eh_terminate.o)
 .ARM.exidx.text._ZSt10unexpectedv
                0x000000000000b534        0x8 /usr/lib/gcc/arm-none-eabi/4.8/../../../arm-none-eabi/lib/armv7-m/libstdc++.a(eh_terminate.o)
 .ARM.exidx.text._ZSt13set_terminatePFvvE
                0x000000000000b53c        0x8 /usr/lib/gcc/arm-none-eabi/4.8/../../../arm-none-eabi/lib/armv7-m/libstdc++.a(eh_terminate.o)
 .ARM.exidx.text._ZSt14set_unexpectedPFvvE
                0x000000000000b544        0x0 /usr/lib/gcc/arm-none-eabi/4.8/../../../arm-none-eabi/lib/armv7-m/libstdc++.a(eh_terminate.o)
                                          0x8 (size before relaxing)
 .ARM.exidx.text._ZN10__cxxabiv1L24__is_gxx_exception_classEPc
                0x000000000000b544        0x0 /usr/lib/gcc/arm-none-eabi/4.8/../../../arm-none-eabi/lib/armv7-m/libstdc++.a(eh_call.o)
                                          0x8 (size before relaxing)
 .ARM.exidx.text.__cxa_call_terminate
                0x000000000000b544        0x0 /usr/lib/gcc/arm-none-eabi/4.8/../../../arm-none-eabi/lib/armv7-m/libstdc++.a(eh_call.o)
                                          0x8 (size before relaxing)
 .ARM.exidx.text.__cxa_call_unexpected
                0x000000000000b544        0x8 /usr/lib/gcc/arm-none-eabi/4.8/../../../arm-none-eabi/lib/armv7-m/libstdc++.a(eh_call.o)
 .ARM.exidx.text._ZN9__gnu_cxx20recursive_init_errorD2Ev
                0x000000000000b54c        0x8 /usr/lib/gcc/arm-none-eabi/4.8/../../../arm-none-eabi/lib/armv7-m/libstdc++.a(guard_error.o)
 .ARM.exidx.text._ZN9__gnu_cxx20recursive_init_errorD0Ev
                0x000000000000b554        0x0 /usr/lib/gcc/arm-none-eabi/4.8/../../../arm-none-eabi/lib/armv7-m/libstdc++.a(guard_error.o)
                                          0x8 (size before relaxing)
 .ARM.exidx.text._ZN10__cxxabiv120__si_class_type_infoD2Ev
                0x000000000000b554        0x8 /usr/lib/gcc/arm-none-eabi/4.8/../../../arm-none-eabi/lib/armv7-m/libstdc++.a(si_class_type_info.o)
 .ARM.exidx.text._ZN10__cxxabiv120__si_class_type_infoD0Ev
                0x000000000000b55c        0x0 /usr/lib/gcc/arm-none-eabi/4.8/../../../arm-none-eabi/lib/armv7-m/libstdc++.a(si_class_type_info.o)
                                          0x8 (size before relaxing)
 .ARM.exidx.text._ZNK10__cxxabiv120__si_class_type_info20__do_find_public_srcEiPKvPKNS_17__class_type_infoES2_
                0x000000000000b55c        0x8 /usr/lib/gcc/arm-none-eabi/4.8/../../../arm-none-eabi/lib/armv7-m/libstdc++.a(si_class_type_info.o)
 .ARM.exidx.text._ZNK10__cxxabiv120__si_class_type_info12__do_dyncastEiNS_17__class_type_info10__sub_kindEPKS1_PKvS4_S6_RNS1_16__dyncast_resultE
                0x000000000000b564        0x8 /usr/lib/gcc/arm-none-eabi/4.8/../../../arm-none-eabi/lib/armv7-m/libstdc++.a(si_class_type_info.o)
 .ARM.exidx.text._ZNK10__cxxabiv120__si_class_type_info11__do_upcastEPKNS_17__class_type_infoEPKvRNS1_15__upcast_resultE
                0x000000000000b56c        0x8 /usr/lib/gcc/arm-none-eabi/4.8/../../../arm-none-eabi/lib/armv7-m/libstdc++.a(si_class_type_info.o)
 .ARM.exidx.text.__cxa_get_exception_ptr
                0x000000000000b574        0x8 /usr/lib/gcc/arm-none-eabi/4.8/../../../arm-none-eabi/lib/armv7-m/libstdc++.a(eh_catch.o)
 .ARM.exidx.text.__cxa_begin_catch
                0x000000000000b57c        0x8 /usr/lib/gcc/arm-none-eabi/4.8/../../../arm-none-eabi/lib/armv7-m/libstdc++.a(eh_catch.o)
 .ARM.exidx.text.__cxa_end_catch
                0x000000000000b584        0x8 /usr/lib/gcc/arm-none-eabi/4.8/../../../arm-none-eabi/lib/armv7-m/libstdc++.a(eh_catch.o)
 .ARM.exidx.text._ZSt18uncaught_exceptionv
                0x000000000000b58c        0x0 /usr/lib/gcc/arm-none-eabi/4.8/../../../arm-none-eabi/lib/armv7-m/libstdc++.a(eh_catch.o)
                                          0x8 (size before relaxing)
 .ARM.exidx.text._ZNSt9exceptionD2Ev
                0x000000000000b58c        0x0 /usr/lib/gcc/arm-none-eabi/4.8/../../../arm-none-eabi/lib/armv7-m/libstdc++.a(eh_exception.o)
                                          0x8 (size before relaxing)
 .ARM.exidx.text._ZNSt13bad_exceptionD2Ev
                0x000000000000b58c        0x0 /usr/lib/gcc/arm-none-eabi/4.8/../../../arm-none-eabi/lib/armv7-m/libstdc++.a(eh_exception.o)
                                          0x8 (size before relaxing)
 .ARM.exidx.text._ZN10__cxxabiv115__forced_unwindD2Ev
                0x000000000000b58c        0x0 /usr/lib/gcc/arm-none-eabi/4.8/../../../arm-none-eabi/lib/armv7-m/libstdc++.a(eh_exception.o)
                                          0x8 (size before relaxing)
 .ARM.exidx.text._ZN10__cxxabiv119__foreign_exceptionD2Ev
                0x000000000000b58c        0x0 /usr/lib/gcc/arm-none-eabi/4.8/../../../arm-none-eabi/lib/armv7-m/libstdc++.a(eh_exception.o)
                                          0x8 (size before relaxing)
 .ARM.exidx.text._ZNKSt9exception4whatEv
                0x000000000000b58c        0x0 /usr/lib/gcc/arm-none-eabi/4.8/../../../arm-none-eabi/lib/armv7-m/libstdc++.a(eh_exception.o)
                                          0x8 (size before relaxing)
 .ARM.exidx.text._ZNKSt13bad_exception4whatEv
                0x000000000000b58c        0x0 /usr/lib/gcc/arm-none-eabi/4.8/../../../arm-none-eabi/lib/armv7-m/libstdc++.a(eh_exception.o)
                                          0x8 (size before relaxing)
 .ARM.exidx.text._ZNSt9exceptionD0Ev
                0x000000000000b58c        0x0 /usr/lib/gcc/arm-none-eabi/4.8/../../../arm-none-eabi/lib/armv7-m/libstdc++.a(eh_exception.o)
                                          0x8 (size before relaxing)
 .ARM.exidx.text._ZNSt13bad_exceptionD0Ev
                0x000000000000b58c        0x0 /usr/lib/gcc/arm-none-eabi/4.8/../../../arm-none-eabi/lib/armv7-m/libstdc++.a(eh_exception.o)
                                          0x8 (size before relaxing)
 .ARM.exidx.text._ZN10__cxxabiv115__forced_unwindD0Ev
                0x000000000000b58c        0x0 /usr/lib/gcc/arm-none-eabi/4.8/../../../arm-none-eabi/lib/armv7-m/libstdc++.a(eh_exception.o)
                                          0x8 (size before relaxing)
 .ARM.exidx.text._ZN10__cxxabiv119__foreign_exceptionD0Ev
                0x000000000000b58c        0x0 /usr/lib/gcc/arm-none-eabi/4.8/../../../arm-none-eabi/lib/armv7-m/libstdc++.a(eh_exception.o)
                                          0x8 (size before relaxing)
 .ARM.exidx.text._ZL12read_sleb128PKhPl
                0x000000000000b58c        0x0 /usr/lib/gcc/arm-none-eabi/4.8/../../../arm-none-eabi/lib/armv7-m/libstdc++.a(eh_personality.o)
                                          0x8 (size before relaxing)
 .ARM.exidx.text._ZL28read_encoded_value_with_basehjPKhPj
                0x000000000000b58c        0x8 /usr/lib/gcc/arm-none-eabi/4.8/../../../arm-none-eabi/lib/armv7-m/libstdc++.a(eh_personality.o)
 .ARM.exidx.text._ZL21base_of_encoded_valuehP15_Unwind_Context
                0x000000000000b594        0x8 /usr/lib/gcc/arm-none-eabi/4.8/../../../arm-none-eabi/lib/armv7-m/libstdc++.a(eh_personality.o)
 .ARM.exidx.text._ZL17parse_lsda_headerP15_Unwind_ContextPKhP16lsda_header_info
                0x000000000000b59c        0x8 /usr/lib/gcc/arm-none-eabi/4.8/../../../arm-none-eabi/lib/armv7-m/libstdc++.a(eh_personality.o)
 .ARM.exidx.text.__gxx_personality_v0
                0x000000000000b5a4        0x8 /usr/lib/gcc/arm-none-eabi/4.8/../../../arm-none-eabi/lib/armv7-m/libstdc++.a(eh_personality.o)
 .ARM.exidx.text._ZL23__gxx_exception_cleanup19_Unwind_Reason_CodeP21_Unwind_Control_Block
                0x000000000000b5ac        0x8 /usr/lib/gcc/arm-none-eabi/4.8/../../../arm-none-eabi/lib/armv7-m/libstdc++.a(eh_throw.o)
 .ARM.exidx.text.__cxa_throw
                0x000000000000b5b4        0x8 /usr/lib/gcc/arm-none-eabi/4.8/../../../arm-none-eabi/lib/armv7-m/libstdc++.a(eh_throw.o)
 .ARM.exidx.text.__cxa_rethrow
                0x000000000000b5bc        0x8 /usr/lib/gcc/arm-none-eabi/4.8/../../../arm-none-eabi/lib/armv7-m/libstdc++.a(eh_throw.o)
 .ARM.exidx.text._ZNSt9type_infoD2Ev
                0x000000000000b5c4        0x8 /usr/lib/gcc/arm-none-eabi/4.8/../../../arm-none-eabi/lib/armv7-m/libstdc++.a(tinfo.o)
 .ARM.exidx.text._ZNKSt9type_info14__is_pointer_pEv
                0x000000000000b5cc        0x0 /usr/lib/gcc/arm-none-eabi/4.8/../../../arm-none-eabi/lib/armv7-m/libstdc++.a(tinfo.o)
                                          0x8 (size before relaxing)
 .ARM.exidx.text._ZNKSt9type_info15__is_function_pEv
                0x000000000000b5cc        0x0 /usr/lib/gcc/arm-none-eabi/4.8/../../../arm-none-eabi/lib/armv7-m/libstdc++.a(tinfo.o)
                                          0x8 (size before relaxing)
 .ARM.exidx.text._ZNKSt9type_info11__do_upcastEPKN10__cxxabiv117__class_type_infoEPPv
                0x000000000000b5cc        0x0 /usr/lib/gcc/arm-none-eabi/4.8/../../../arm-none-eabi/lib/armv7-m/libstdc++.a(tinfo.o)
                                          0x8 (size before relaxing)
 .ARM.exidx.text._ZNSt9type_infoD0Ev
                0x000000000000b5cc        0x0 /usr/lib/gcc/arm-none-eabi/4.8/../../../arm-none-eabi/lib/armv7-m/libstdc++.a(tinfo.o)
                                          0x8 (size before relaxing)
 .ARM.exidx.text._ZNKSt9type_infoeqERKS_
                0x000000000000b5cc        0x0 /usr/lib/gcc/arm-none-eabi/4.8/../../../arm-none-eabi/lib/armv7-m/libstdc++.a(tinfo.o)
                                          0x8 (size before relaxing)
 .ARM.exidx.text._ZNKSt9type_info10__do_catchEPKS_PPvj
                0x000000000000b5cc        0x0 /usr/lib/gcc/arm-none-eabi/4.8/../../../arm-none-eabi/lib/armv7-m/libstdc++.a(tinfo.o)
                                          0x8 (size before relaxing)
 .ARM.exidx.text.__cxa_get_globals_fast
                0x000000000000b5cc        0x0 /usr/lib/gcc/arm-none-eabi/4.8/../../../arm-none-eabi/lib/armv7-m/libstdc++.a(eh_globals.o)
                                          0x8 (size before relaxing)
 .ARM.exidx.text.__cxa_get_globals
                0x000000000000b5cc        0x0 /usr/lib/gcc/arm-none-eabi/4.8/../../../arm-none-eabi/lib/armv7-m/libstdc++.a(eh_globals.o)
                                          0x8 (size before relaxing)
 .ARM.exidx.text._ZNK10__cxxabiv117__class_type_info11__do_upcastEPKS0_PPv
                0x000000000000b5cc        0x8 /usr/lib/gcc/arm-none-eabi/4.8/../../../arm-none-eabi/lib/armv7-m/libstdc++.a(class_type_info.o)
 .ARM.exidx.text._ZNK10__cxxabiv117__class_type_info20__do_find_public_srcEiPKvPKS0_S2_
                0x000000000000b5d4        0x8 /usr/lib/gcc/arm-none-eabi/4.8/../../../arm-none-eabi/lib/armv7-m/libstdc++.a(class_type_info.o)
 .ARM.exidx.text._ZN10__cxxabiv117__class_type_infoD2Ev
                0x000000000000b5dc        0x8 /usr/lib/gcc/arm-none-eabi/4.8/../../../arm-none-eabi/lib/armv7-m/libstdc++.a(class_type_info.o)
 .ARM.exidx.text._ZN10__cxxabiv117__class_type_infoD0Ev
                0x000000000000b5e4        0x0 /usr/lib/gcc/arm-none-eabi/4.8/../../../arm-none-eabi/lib/armv7-m/libstdc++.a(class_type_info.o)
                                          0x8 (size before relaxing)
 .ARM.exidx.text._ZNK10__cxxabiv117__class_type_info11__do_upcastEPKS0_PKvRNS0_15__upcast_resultE
                0x000000000000b5e4        0x8 /usr/lib/gcc/arm-none-eabi/4.8/../../../arm-none-eabi/lib/armv7-m/libstdc++.a(class_type_info.o)
 .ARM.exidx.text._ZNK10__cxxabiv117__class_type_info10__do_catchEPKSt9type_infoPPvj
                0x000000000000b5ec        0x8 /usr/lib/gcc/arm-none-eabi/4.8/../../../arm-none-eabi/lib/armv7-m/libstdc++.a(class_type_info.o)
 .ARM.exidx.text._ZNK10__cxxabiv117__class_type_info12__do_dyncastEiNS0_10__sub_kindEPKS0_PKvS3_S5_RNS0_16__dyncast_resultE
                0x000000000000b5f4       0x10 /usr/lib/gcc/arm-none-eabi/4.8/../../../arm-none-eabi/lib/armv7-m/libstdc++.a(class_type_info.o)
                                          0x8 (size before relaxing)
 .ARM.exidx.text.__cxa_type_match
                0x000000000000b604        0x8 /usr/lib/gcc/arm-none-eabi/4.8/../../../arm-none-eabi/lib/armv7-m/libstdc++.a(eh_arm.o)
 .ARM.exidx.text.__cxa_begin_cleanup
                0x000000000000b60c        0x8 /usr/lib/gcc/arm-none-eabi/4.8/../../../arm-none-eabi/lib/armv7-m/libstdc++.a(eh_arm.o)
 .ARM.exidx.text.__gnu_end_cleanup
                0x000000000000b614        0x0 /usr/lib/gcc/arm-none-eabi/4.8/../../../arm-none-eabi/lib/armv7-m/libstdc++.a(eh_arm.o)
                                          0x8 (size before relaxing)
 .ARM.exidx.text._ZdlPv
                0x000000000000b614        0x0 /usr/lib/gcc/arm-none-eabi/4.8/../../../arm-none-eabi/lib/armv7-m/libstdc++.a(del_op.o)
                                          0x8 (size before relaxing)
 .ARM.exidx.text.__cxa_pure_virtual
                0x000000000000b614        0x0 /usr/lib/gcc/arm-none-eabi/4.8/../../../arm-none-eabi/lib/armv7-m/libstdc++.a(pure.o)
                                          0x8 (size before relaxing)
 .ARM.exidx.text.__cxa_deleted_virtual
                0x000000000000b614        0x0 /usr/lib/gcc/arm-none-eabi/4.8/../../../arm-none-eabi/lib/armv7-m/libstdc++.a(pure.o)
                                          0x8 (size before relaxing)
 .ARM.exidx     0x000000000000b614       0x88 /usr/lib/gcc/arm-none-eabi/4.8/armv7-m/libgcc.a(unwind-arm.o)
                                         0xd8 (size before relaxing)
 .ARM.exidx     0x000000000000b69c       0x38 /usr/lib/gcc/arm-none-eabi/4.8/armv7-m/libgcc.a(pr-support.o)
                                         0x48 (size before relaxing)
                0x000000000000b6d4                PROVIDE (__exidx_end, .)

.eh_frame_hdr
 *(.eh_frame_hdr)

.eh_frame       0x000000000000b6d4       0x3c
 *(.eh_frame)
 .eh_frame      0x000000000000b6d4        0x0 /usr/lib/gcc/arm-none-eabi/4.8/armv7-m/crtbegin.o
 .eh_frame      0x000000000000b6d4       0x38 /usr/lib/gcc/arm-none-eabi/4.8/../../../arm-none-eabi/lib/armv7-m/libc.a(lib_a-strcmp.o)
 .eh_frame      0x000000000000b70c        0x4 /usr/lib/gcc/arm-none-eabi/4.8/armv7-m/crtend.o

.gcc_except_table
 *(.gcc_except_table .gcc_except_table.*)

.exception_ranges
 *(.exception_ranges .exception_ranges*)
                0x000000000001b710                . = (ALIGN (0x10000) + (. & 0xffff))

.eh_frame
 *(.eh_frame)

.gcc_except_table
 *(.gcc_except_table .gcc_except_table.*)

.exception_ranges
 *(.exception_ranges .exception_ranges*)

.tdata
 *(.tdata .tdata.* .gnu.linkonce.td.*)

.tbss
 *(.tbss .tbss.* .gnu.linkonce.tb.*)
 *(.tcommon)

.preinit_array  0x000000000001b710        0x0
                0x000000000001b710                PROVIDE (__preinit_array_start, .)
 *(.preinit_array)
                0x000000000001b710                PROVIDE (__preinit_array_end, .)

.init_array     0x000000000001b710        0xc
                0x000000000001b710                PROVIDE (__init_array_start, .)
 *(SORT(.init_array.*))
 .init_array.00000
                0x000000000001b710        0x4 /usr/lib/gcc/arm-none-eabi/4.8/../../../arm-none-eabi/lib/armv7-m/libc.a(lib_a-__call_atexit.o)
 *(.init_array)
 .init_array    0x000000000001b714        0x4 /usr/lib/gcc/arm-none-eabi/4.8/armv7-m/crtbegin.o
 .init_array    0x000000000001b718        0x4 /tmp/ccn7f5IL.o
                0x000000000001b71c                PROVIDE (__init_array_end, .)

.fini_array     0x000000000001b71c        0x4
                0x000000000001b71c                PROVIDE (__fini_array_start, .)
 *(SORT(.fini_array.*))
 *(.fini_array)
 .fini_array    0x000000000001b71c        0x4 /usr/lib/gcc/arm-none-eabi/4.8/armv7-m/crtbegin.o
                0x000000000001b720                PROVIDE (__fini_array_end, .)

.ctors
 *crtbegin.o(.ctors)
 *crtbegin?.o(.ctors)
 *(EXCLUDE_FILE(*crtend?.o *crtend.o) .ctors)
 *(SORT(.ctors.*))
 *(.ctors)

.dtors
 *crtbegin.o(.dtors)
 *crtbegin?.o(.dtors)
 *(EXCLUDE_FILE(*crtend?.o *crtend.o) .dtors)
 *(SORT(.dtors.*))
 *(.dtors)

.jcr            0x000000000001b720        0x4
 *(.jcr)
 .jcr           0x000000000001b720        0x0 /usr/lib/gcc/arm-none-eabi/4.8/armv7-m/crtbegin.o
 .jcr           0x000000000001b720        0x4 /usr/lib/gcc/arm-none-eabi/4.8/armv7-m/crtend.o

.data.rel.ro
 *(.data.rel.ro.local* .gnu.linkonce.d.rel.ro.local.*)
 *(.data.rel.ro .data.rel.ro.* .gnu.linkonce.d.rel.ro.*)

.dynamic
 *(.dynamic)

.got            0x000000000001b724        0x0
 *(.got.plt)
 *(.igot.plt)
 .igot.plt      0x000000000001b724        0x0 /usr/lib/gcc/arm-none-eabi/4.8/armv7-m/crtbegin.o
 *(.got)
 *(.igot)

.data           0x000000000001b728      0x854
                0x000000000001b728                __data_start = .
 *(.data .data.* .gnu.linkonce.d.*)
 .data          0x000000000001b728        0x0 /usr/lib/gcc/arm-none-eabi/4.8/armv7-m/crti.o
 .data          0x000000000001b728        0x4 /usr/lib/gcc/arm-none-eabi/4.8/armv7-m/crtbegin.o
                0x000000000001b728                __dso_handle
 .data          0x000000000001b72c        0x0 /usr/lib/gcc/arm-none-eabi/4.8/../../../arm-none-eabi/lib/armv7-m/crt0.o
 .data          0x000000000001b72c        0x8 /tmp/ccn7f5IL.o
                0x000000000001b730                global_int
 .data          0x000000000001b734        0x0 /usr/lib/gcc/arm-none-eabi/4.8/../../../arm-none-eabi/lib/armv7-m/libstdc++.a(atexit_arm.o)
 .data          0x000000000001b734        0x0 /usr/lib/gcc/arm-none-eabi/4.8/../../../arm-none-eabi/lib/armv7-m/libstdc++.a(guard.o)
 .data          0x000000000001b734        0x0 /usr/lib/gcc/arm-none-eabi/4.8/../../../arm-none-eabi/lib/armv7-m/libstdc++.a(eh_alloc.o)
 .data          0x000000000001b734        0x0 /usr/lib/gcc/arm-none-eabi/4.8/../../../arm-none-eabi/lib/armv7-m/libstdc++.a(eh_terminate.o)
 .data          0x000000000001b734        0x0 /usr/lib/gcc/arm-none-eabi/4.8/../../../arm-none-eabi/lib/armv7-m/libstdc++.a(eh_call.o)
 .data          0x000000000001b734        0x0 /usr/lib/gcc/arm-none-eabi/4.8/../../../arm-none-eabi/lib/armv7-m/libstdc++.a(guard_error.o)
 .data          0x000000000001b734        0x0 /usr/lib/gcc/arm-none-eabi/4.8/../../../arm-none-eabi/lib/armv7-m/libstdc++.a(si_class_type_info.o)
 .data          0x000000000001b734        0x0 /usr/lib/gcc/arm-none-eabi/4.8/../../../arm-none-eabi/lib/armv7-m/libstdc++.a(eh_catch.o)
 .data          0x000000000001b734        0x0 /usr/lib/gcc/arm-none-eabi/4.8/../../../arm-none-eabi/lib/armv7-m/libstdc++.a(eh_exception.o)
 .data          0x000000000001b734        0x0 /usr/lib/gcc/arm-none-eabi/4.8/../../../arm-none-eabi/lib/armv7-m/libstdc++.a(eh_personality.o)
 .data          0x000000000001b734        0x0 /usr/lib/gcc/arm-none-eabi/4.8/../../../arm-none-eabi/lib/armv7-m/libstdc++.a(eh_term_handler.o)
 .data._ZN10__cxxabiv119__terminate_handlerE
                0x000000000001b734        0x4 /usr/lib/gcc/arm-none-eabi/4.8/../../../arm-none-eabi/lib/armv7-m/libstdc++.a(eh_term_handler.o)
                0x000000000001b734                __cxxabiv1::__terminate_handler
 .data          0x000000000001b738        0x0 /usr/lib/gcc/arm-none-eabi/4.8/../../../arm-none-eabi/lib/armv7-m/libstdc++.a(eh_throw.o)
 .data          0x000000000001b738        0x0 /usr/lib/gcc/arm-none-eabi/4.8/../../../arm-none-eabi/lib/armv7-m/libstdc++.a(eh_unex_handler.o)
 .data._ZN10__cxxabiv120__unexpected_handlerE
                0x000000000001b738        0x4 /usr/lib/gcc/arm-none-eabi/4.8/../../../arm-none-eabi/lib/armv7-m/libstdc++.a(eh_unex_handler.o)
                0x000000000001b738                __cxxabiv1::__unexpected_handler
 .data          0x000000000001b73c        0x0 /usr/lib/gcc/arm-none-eabi/4.8/../../../arm-none-eabi/lib/armv7-m/libstdc++.a(tinfo.o)
 .data          0x000000000001b73c        0x0 /usr/lib/gcc/arm-none-eabi/4.8/../../../arm-none-eabi/lib/armv7-m/libstdc++.a(eh_globals.o)
 .data          0x000000000001b73c        0x0 /usr/lib/gcc/arm-none-eabi/4.8/../../../arm-none-eabi/lib/armv7-m/libstdc++.a(class_type_info.o)
 .data          0x000000000001b73c        0x0 /usr/lib/gcc/arm-none-eabi/4.8/../../../arm-none-eabi/lib/armv7-m/libstdc++.a(eh_arm.o)
 .data          0x000000000001b73c        0x0 /usr/lib/gcc/arm-none-eabi/4.8/../../../arm-none-eabi/lib/armv7-m/libstdc++.a(del_op.o)
 .data          0x000000000001b73c        0x0 /usr/lib/gcc/arm-none-eabi/4.8/../../../arm-none-eabi/lib/armv7-m/libstdc++.a(pure.o)
 .data          0x000000000001b73c        0x0 /usr/lib/gcc/arm-none-eabi/4.8/armv7-m/libgcc.a(unwind-arm.o)
 .data          0x000000000001b73c        0x0 /usr/lib/gcc/arm-none-eabi/4.8/armv7-m/libgcc.a(libunwind.o)
 .data          0x000000000001b73c        0x0 /usr/lib/gcc/arm-none-eabi/4.8/armv7-m/libgcc.a(pr-support.o)
 .data          0x000000000001b73c        0x0 /usr/lib/gcc/arm-none-eabi/4.8/../../../arm-none-eabi/lib/armv7-m/libc.a(lib_a-abort.o)
 .data          0x000000000001b73c        0x0 /usr/lib/gcc/arm-none-eabi/4.8/../../../arm-none-eabi/lib/armv7-m/libc.a(lib_a-atexit.o)
 .data          0x000000000001b73c        0x0 /usr/lib/gcc/arm-none-eabi/4.8/../../../arm-none-eabi/lib/armv7-m/libc.a(lib_a-cxa_atexit.o)
 .data          0x000000000001b73c        0x0 /usr/lib/gcc/arm-none-eabi/4.8/../../../arm-none-eabi/lib/armv7-m/libc.a(lib_a-exit.o)
 .data          0x000000000001b73c        0x0 /usr/lib/gcc/arm-none-eabi/4.8/../../../arm-none-eabi/lib/armv7-m/libc.a(lib_a-fini.o)
 .data          0x000000000001b73c        0x0 /usr/lib/gcc/arm-none-eabi/4.8/../../../arm-none-eabi/lib/armv7-m/libc.a(lib_a-impure.o)
 *fill*         0x000000000001b73c        0x4 
 .data.impure_data
                0x000000000001b740      0x428 /usr/lib/gcc/arm-none-eabi/4.8/../../../arm-none-eabi/lib/armv7-m/libc.a(lib_a-impure.o)
 .data._impure_ptr
                0x000000000001bb68        0x4 /usr/lib/gcc/arm-none-eabi/4.8/../../../arm-none-eabi/lib/armv7-m/libc.a(lib_a-impure.o)
                0x000000000001bb68                _impure_ptr
 .data          0x000000000001bb6c        0x0 /usr/lib/gcc/arm-none-eabi/4.8/../../../arm-none-eabi/lib/armv7-m/libc.a(lib_a-init.o)
 .data          0x000000000001bb6c        0x0 /usr/lib/gcc/arm-none-eabi/4.8/../../../arm-none-eabi/lib/armv7-m/libc.a(lib_a-malloc.o)
 .data          0x000000000001bb6c        0x0 /usr/lib/gcc/arm-none-eabi/4.8/../../../arm-none-eabi/lib/armv7-m/libc.a(lib_a-mallocr.o)
 .data.__malloc_av_
                0x000000000001bb6c      0x408 /usr/lib/gcc/arm-none-eabi/4.8/../../../arm-none-eabi/lib/armv7-m/libc.a(lib_a-mallocr.o)
                0x000000000001bb6c                __malloc_av_
 .data.__malloc_trim_threshold
                0x000000000001bf74        0x4 /usr/lib/gcc/arm-none-eabi/4.8/../../../arm-none-eabi/lib/armv7-m/libc.a(lib_a-mallocr.o)
                0x000000000001bf74                __malloc_trim_threshold
 .data.__malloc_sbrk_base
                0x000000000001bf78        0x4 /usr/lib/gcc/arm-none-eabi/4.8/../../../arm-none-eabi/lib/armv7-m/libc.a(lib_a-mallocr.o)
                0x000000000001bf78                __malloc_sbrk_base
 .data          0x000000000001bf7c        0x0 /usr/lib/gcc/arm-none-eabi/4.8/../../../arm-none-eabi/lib/armv7-m/libc.a(lib_a-memcpy.o)
 .data          0x000000000001bf7c        0x0 /usr/lib/gcc/arm-none-eabi/4.8/../../../arm-none-eabi/lib/armv7-m/libc.a(lib_a-memset.o)
 .data          0x000000000001bf7c        0x0 /usr/lib/gcc/arm-none-eabi/4.8/../../../arm-none-eabi/lib/armv7-m/libc.a(lib_a-mlock.o)
 .data          0x000000000001bf7c        0x0 /usr/lib/gcc/arm-none-eabi/4.8/../../../arm-none-eabi/lib/armv7-m/libc.a(lib_a-sbrkr.o)
 .data          0x000000000001bf7c        0x0 /usr/lib/gcc/arm-none-eabi/4.8/../../../arm-none-eabi/lib/armv7-m/libc.a(lib_a-signal.o)
 .data          0x000000000001bf7c        0x0 /usr/lib/gcc/arm-none-eabi/4.8/../../../arm-none-eabi/lib/armv7-m/libc.a(lib_a-signalr.o)
 .data          0x000000000001bf7c        0x0 /usr/lib/gcc/arm-none-eabi/4.8/../../../arm-none-eabi/lib/armv7-m/libc.a(lib_a-strcmp.o)
 .data          0x000000000001bf7c        0x0 /usr/lib/gcc/arm-none-eabi/4.8/../../../arm-none-eabi/lib/armv7-m/libc.a(lib_a-__atexit.o)
 .data          0x000000000001bf7c        0x0 /usr/lib/gcc/arm-none-eabi/4.8/../../../arm-none-eabi/lib/armv7-m/libc.a(lib_a-__call_atexit.o)
 .data          0x000000000001bf7c        0x0 /usr/lib/gcc/arm-none-eabi/4.8/../../../arm-none-eabi/lib/armv7-m/libc.a(lib_a-freer.o)
 .data          0x000000000001bf7c        0x0 /usr/lib/gcc/arm-none-eabi/4.8/../../../arm-none-eabi/lib/armv7-m/libc.a(lib_a-reent.o)
 .data          0x000000000001bf7c        0x0 /usr/lib/gcc/arm-none-eabi/4.8/../../../arm-none-eabi/lib/armv7-m/libnosys.a(getpid.o)
 .data          0x000000000001bf7c        0x0 /usr/lib/gcc/arm-none-eabi/4.8/../../../arm-none-eabi/lib/armv7-m/libnosys.a(kill.o)
 .data          0x000000000001bf7c        0x0 /usr/lib/gcc/arm-none-eabi/4.8/../../../arm-none-eabi/lib/armv7-m/libnosys.a(sbrk.o)
 .data          0x000000000001bf7c        0x0 /usr/lib/gcc/arm-none-eabi/4.8/../../../arm-none-eabi/lib/armv7-m/libnosys.a(_exit.o)
 .data          0x000000000001bf7c        0x0 /usr/lib/gcc/arm-none-eabi/4.8/armv7-m/crtend.o
 .data          0x000000000001bf7c        0x0 /usr/lib/gcc/arm-none-eabi/4.8/armv7-m/crtn.o

.tm_clone_table
                0x000000000001bf7c        0x0
 .tm_clone_table
                0x000000000001bf7c        0x0 /usr/lib/gcc/arm-none-eabi/4.8/armv7-m/crtbegin.o
 .tm_clone_table
                0x000000000001bf7c        0x0 /usr/lib/gcc/arm-none-eabi/4.8/armv7-m/crtend.o

.data1
 *(.data1)
                0x000000000001bf7c                _edata = .
                0x000000000001bf7c                PROVIDE (edata, .)
                0x000000000001bf7c                . = .
                0x000000000001bf7c                __bss_start = .
                0x000000000001bf7c                __bss_start__ = .

.bss            0x000000000001bf80     0x4a70
 *(.dynbss)
 *(.bss .bss.* .gnu.linkonce.b.*)
 .bss           0x000000000001bf80        0x0 /usr/lib/gcc/arm-none-eabi/4.8/armv7-m/crti.o
 .bss           0x000000000001bf80       0x1c /usr/lib/gcc/arm-none-eabi/4.8/armv7-m/crtbegin.o
 .bss           0x000000000001bf9c        0x0 /usr/lib/gcc/arm-none-eabi/4.8/../../../arm-none-eabi/lib/armv7-m/crt0.o
 .bss           0x000000000001bf9c     0x401c /tmp/ccn7f5IL.o
                0x000000000001dfa4                global_obj
                0x000000000001efac                global_int_uninitialized
 .bss           0x000000000001ffb8        0x0 /usr/lib/gcc/arm-none-eabi/4.8/../../../arm-none-eabi/lib/armv7-m/libstdc++.a(atexit_arm.o)
 .bss           0x000000000001ffb8        0x0 /usr/lib/gcc/arm-none-eabi/4.8/../../../arm-none-eabi/lib/armv7-m/libstdc++.a(guard.o)
 .bss           0x000000000001ffb8        0x0 /usr/lib/gcc/arm-none-eabi/4.8/../../../arm-none-eabi/lib/armv7-m/libstdc++.a(eh_alloc.o)
 .bss._ZL15dependents_used
                0x000000000001ffb8        0x4 /usr/lib/gcc/arm-none-eabi/4.8/../../../arm-none-eabi/lib/armv7-m/libstdc++.a(eh_alloc.o)
 *fill*         0x000000000001ffbc        0x4 
 .bss._ZL17dependents_buffer
                0x000000000001ffc0      0x1e0 /usr/lib/gcc/arm-none-eabi/4.8/../../../arm-none-eabi/lib/armv7-m/libstdc++.a(eh_alloc.o)
 .bss._ZL14emergency_used
                0x00000000000201a0        0x4 /usr/lib/gcc/arm-none-eabi/4.8/../../../arm-none-eabi/lib/armv7-m/libstdc++.a(eh_alloc.o)
 *fill*         0x00000000000201a4        0x4 
 .bss._ZL16emergency_buffer
                0x00000000000201a8      0x800 /usr/lib/gcc/arm-none-eabi/4.8/../../../arm-none-eabi/lib/armv7-m/libstdc++.a(eh_alloc.o)
 .bss           0x00000000000209a8        0x0 /usr/lib/gcc/arm-none-eabi/4.8/../../../arm-none-eabi/lib/armv7-m/libstdc++.a(eh_terminate.o)
 .bss           0x00000000000209a8        0x0 /usr/lib/gcc/arm-none-eabi/4.8/../../../arm-none-eabi/lib/armv7-m/libstdc++.a(eh_call.o)
 .bss           0x00000000000209a8        0x0 /usr/lib/gcc/arm-none-eabi/4.8/../../../arm-none-eabi/lib/armv7-m/libstdc++.a(guard_error.o)
 .bss           0x00000000000209a8        0x0 /usr/lib/gcc/arm-none-eabi/4.8/../../../arm-none-eabi/lib/armv7-m/libstdc++.a(si_class_type_info.o)
 .bss           0x00000000000209a8        0x0 /usr/lib/gcc/arm-none-eabi/4.8/../../../arm-none-eabi/lib/armv7-m/libstdc++.a(eh_catch.o)
 .bss           0x00000000000209a8        0x0 /usr/lib/gcc/arm-none-eabi/4.8/../../../arm-none-eabi/lib/armv7-m/libstdc++.a(eh_exception.o)
 .bss           0x00000000000209a8        0x0 /usr/lib/gcc/arm-none-eabi/4.8/../../../arm-none-eabi/lib/armv7-m/libstdc++.a(eh_personality.o)
 .bss           0x00000000000209a8        0x0 /usr/lib/gcc/arm-none-eabi/4.8/../../../arm-none-eabi/lib/armv7-m/libstdc++.a(eh_term_handler.o)
 .bss           0x00000000000209a8        0x0 /usr/lib/gcc/arm-none-eabi/4.8/../../../arm-none-eabi/lib/armv7-m/libstdc++.a(eh_throw.o)
 .bss           0x00000000000209a8        0x0 /usr/lib/gcc/arm-none-eabi/4.8/../../../arm-none-eabi/lib/armv7-m/libstdc++.a(eh_unex_handler.o)
 .bss           0x00000000000209a8        0x0 /usr/lib/gcc/arm-none-eabi/4.8/../../../arm-none-eabi/lib/armv7-m/libstdc++.a(tinfo.o)
 .bss           0x00000000000209a8        0x0 /usr/lib/gcc/arm-none-eabi/4.8/../../../arm-none-eabi/lib/armv7-m/libstdc++.a(eh_globals.o)
 .bss._ZL10eh_globals
                0x00000000000209a8        0xc /usr/lib/gcc/arm-none-eabi/4.8/../../../arm-none-eabi/lib/armv7-m/libstdc++.a(eh_globals.o)